Component: ARM Compiler 5.06 update 6 (build 750) Tool: armlink [4d35ed]

==============================================================================

Section Cross References

    main.o(.text) refers to _printf_pad.o(.text) for _printf_pre_padding
    main.o(.text) refers to _printf_percent.o(.ARM.Collect$$_printf_percent$$00000000) for _printf_percent
    main.o(.text) refers to _printf_d.o(.ARM.Collect$$_printf_percent$$00000009) for _printf_d
    main.o(.text) refers to _printf_dec.o(.text) for _printf_int_dec
    main.o(.text) refers to _printf_x.o(.ARM.Collect$$_printf_percent$$0000000C) for _printf_x
    main.o(.text) refers to _printf_hex_int.o(.text) for _printf_longlong_hex
    main.o(.text) refers to sys.o(.text) for NVIC_Configuration
    main.o(.text) refers to delay.o(.text) for delay_init
    main.o(.text) refers to usart.o(.text) for uart_init
    main.o(.text) refers to led.o(.text) for LED_Init
    main.o(.text) refers to bc95.o(.text) for CDP_Init
    main.o(.text) refers to oled_i2c.o(.text) for I2C_Configuration
    main.o(.text) refers to max30102.o(.text) for max30102_init
    main.o(.text) refers to algorithm.o(.text) for maxim_heart_rate_and_oxygen_saturation
    main.o(.text) refers to fflt_clz.o(x$fpl$ffltu) for __aeabi_ui2f
    main.o(.text) refers to fdiv.o(x$fpl$fdiv) for __aeabi_fdiv
    main.o(.text) refers to fmul.o(x$fpl$fmul) for __aeabi_fmul
    main.o(.text) refers to ffix.o(x$fpl$ffix) for __aeabi_f2iz
    main.o(.text) refers to rt_memclr_w.o(.text) for __aeabi_memclr4
    main.o(.text) refers to noretval__2sprintf.o(.text) for __2sprintf
    main.o(.text) refers to main.o(.data) for n_ir_buffer_length
    main.o(.text) refers to main.o(.bss) for aun_red_buffer
    main.o(.text) refers to bc95.o(.bss) for bc35_send_data
    system_stm32f10x.o(.text) refers to system_stm32f10x.o(.data) for SystemCoreClock
    led.o(.text) refers to stm32f10x_rcc.o(.text) for RCC_APB2PeriphClockCmd
    led.o(.text) refers to stm32f10x_gpio.o(.text) for GPIO_Init
    max30102.o(.text) refers to myiic.o(.text) for IIC_Start
    max30102.o(.text) refers to stm32f10x_rcc.o(.text) for RCC_APB2PeriphClockCmd
    max30102.o(.text) refers to stm32f10x_gpio.o(.text) for GPIO_Init
    algorithm.o(.text) refers to algorithm.o(.bss) for an_x
    algorithm.o(.text) refers to algorithm.o(.constdata) for auw_hamm
    myiic.o(.text) refers to stm32f10x_rcc.o(.text) for RCC_APB2PeriphClockCmd
    myiic.o(.text) refers to stm32f10x_gpio.o(.text) for GPIO_Init
    myiic.o(.text) refers to delay.o(.text) for delay_us
    oled_i2c.o(.text) refers to stm32f10x_rcc.o(.text) for RCC_APB1PeriphClockCmd
    oled_i2c.o(.text) refers to stm32f10x_gpio.o(.text) for GPIO_Init
    oled_i2c.o(.text) refers to stm32f10x_i2c.o(.text) for I2C_DeInit
    oled_i2c.o(.text) refers to delay.o(.text) for delay_ms
    oled_i2c.o(.text) refers to oled_i2c.o(.constdata) for F6x8
    bc95.o(.text) refers to _printf_percent.o(.ARM.Collect$$_printf_percent$$00000000) for _printf_percent
    bc95.o(.text) refers to _printf_d.o(.ARM.Collect$$_printf_percent$$00000009) for _printf_d
    bc95.o(.text) refers to _printf_s.o(.ARM.Collect$$_printf_percent$$00000014) for _printf_s
    bc95.o(.text) refers to _printf_dec.o(.text) for _printf_int_dec
    bc95.o(.text) refers to _printf_str.o(.text) for _printf_str
    bc95.o(.text) refers to usart.o(.text) for Uart1_SendStr
    bc95.o(.text) refers to rt_memclr.o(.text) for __aeabi_memclr
    bc95.o(.text) refers to noretval__2printf.o(.text) for __2printf
    bc95.o(.text) refers to delay.o(.text) for delay_ms
    bc95.o(.text) refers to strstr.o(.text) for strstr
    bc95.o(.text) refers to usart.o(.bss) for Rx2Buffer
    bc95.o(.text) refers to usart.o(.data) for Rx2Counter
    bc95.o(.text) refers to bc95.o(.data) for strx
    bc95.o(.text) refers to bc95.o(.bss) for BC95_Status
    delay.o(.text) refers to misc.o(.text) for SysTick_CLKSourceConfig
    delay.o(.text) refers to system_stm32f10x.o(.data) for SystemCoreClock
    delay.o(.text) refers to delay.o(.data) for fac_us
    sys.o(.text) refers to misc.o(.text) for NVIC_PriorityGroupConfig
    usart.o(.text) refers (Special) to use_no_semi_2.o(.text) for __use_no_semihosting
    usart.o(.text) refers to stm32f10x_rcc.o(.text) for RCC_APB2PeriphClockCmd
    usart.o(.text) refers to stm32f10x_usart.o(.text) for USART_DeInit
    usart.o(.text) refers to stm32f10x_gpio.o(.text) for GPIO_Init
    usart.o(.text) refers to misc.o(.text) for NVIC_Init
    usart.o(.text) refers to usart.o(.data) for USART_RX_STA
    usart.o(.text) refers to usart.o(.bss) for USART_RX_BUF
    usart.o(.bss) refers (Special) to use_no_semi_2.o(.text) for __use_no_semihosting
    usart.o(.data) refers (Special) to use_no_semi_2.o(.text) for __use_no_semihosting
    startup_stm32f10x_md.o(STACK) refers (Special) to heapauxi.o(.text) for __use_two_region_memory
    startup_stm32f10x_md.o(HEAP) refers (Special) to heapauxi.o(.text) for __use_two_region_memory
[...]
    libinit.o(.ARM.Collect$$libinit$$00000000) refers (Special) to libinit2.o(.ARM.Collect$$libinit$$00000015) for __rt_lib_init_lc_monetary_1
    libinit.o(.ARM.Collect$$libinit$$00000000) refers (Special) to libinit2.o(.ARM.Collect$$libinit$$00000017) for __rt_lib_init_lc_numeric_1
    libinit.o(.ARM.Collect$$libinit$$00000000) refers (Special) to libinit2.o(.ARM.Collect$$libinit$$00000019) for __rt_lib_init_lc_time_1
    libinit.o(.ARM.Collect$$libinit$$00000000) refers (Special) to libinit2.o(.ARM.Collect$$libinit$$00000004) for __rt_lib_init_preinit_1
    libinit.o(.ARM.Collect$$libinit$$00000000) refers (Special) to libinit2.o(.ARM.Collect$$libinit$$0000000E) for __rt_lib_init_rand_1
    libinit.o(.ARM.Collect$$libinit$$00000000) refers (Special) to libinit2.o(.ARM.Collect$$libinit$$00000033) for __rt_lib_init_return
    libinit.o(.ARM.Collect$$libinit$$00000000) refers (Special) to libinit2.o(.ARM.Collect$$libinit$$0000001D) for __rt_lib_init_signal_1
    libinit.o(.ARM.Collect$$libinit$$00000000) refers (Special) to libinit2.o(.ARM.Collect$$libinit$$00000025) for __rt_lib_init_stdio_1
    libinit.o(.ARM.Collect$$libinit$$00000000) refers (Special) to libinit2.o(.ARM.Collect$$libinit$$0000000C) for __rt_lib_init_user_alloc_1
    libspace.o(.text) refers to libspace.o(.bss) for __libspace_start
    rtexit.o(.ARM.Collect$$rtexit$$00000000) refers (Special) to rtexit2.o(.ARM.Collect$$rtexit$$00000004) for __rt_exit_exit
    rtexit.o(.ARM.Collect$$rtexit$$00000000) refers (Special) to rtexit2.o(.ARM.Collect$$rtexit$$00000003) for __rt_exit_ls
    rtexit.o(.ARM.Collect$$rtexit$$00000000) refers (Special) to rtexit2.o(.ARM.Collect$$rtexit$$00000002) for __rt_exit_prels_1
    rtexit.o(.ARM.exidx) refers (Special) to rtexit2.o(.ARM.Collect$$rtexit$$00000004) for __rt_exit_exit
    rtexit.o(.ARM.exidx) refers (Special) to rtexit2.o(.ARM.Collect$$rtexit$$00000003) for __rt_exit_ls
    rtexit.o(.ARM.exidx) refers (Special) to rtexit2.o(.ARM.Collect$$rtexit$$00000002) for __rt_exit_prels_1
    rtexit.o(.ARM.exidx) refers to rtexit.o(.ARM.Collect$$rtexit$$00000000) for .ARM.Collect$$rtexit$$00000000
    libinit2.o(.ARM.Collect$$libinit$$00000010) refers to libinit2.o(.ARM.Collect$$libinit$$0000000F) for .ARM.Collect$$libinit$$0000000F
    libinit2.o(.ARM.Collect$$libinit$$00000012) refers to libinit2.o(.ARM.Collect$$libinit$$0000000F) for .ARM.Collect$$libinit$$0000000F
    libinit2.o(.ARM.Collect$$libinit$$00000014) refers to libinit2.o(.ARM.Collect$$libinit$$0000000F) for .ARM.Collect$$libinit$$0000000F
    libinit2.o(.ARM.Collect$$libinit$$00000016) refers to libinit2.o(.ARM.Collect$$libinit$$0000000F) for .ARM.Collect$$libinit$$0000000F
    libinit2.o(.ARM.Collect$$libinit$$00000018) refers to libinit2.o(.ARM.Collect$$libinit$$0000000F) for .ARM.Collect$$libinit$$0000000F
    libinit2.o(.ARM.Collect$$libinit$$00000026) refers to argv_veneer.o(.emb_text) for __ARM_argv_veneer
    libinit2.o(.ARM.Collect$$libinit$$00000027) refers to argv_veneer.o(.emb_text) for __ARM_argv_veneer
    rtexit2.o(.ARM.Collect$$rtexit$$00000003) refers to libshutdown.o(.ARM.Collect$$libshutdown$$00000000) for __rt_lib_shutdown
    rtexit2.o(.ARM.Collect$$rtexit$$00000004) refers to usart.o(.text) for _sys_exit
    rtexit2.o(.ARM.exidx) refers to rtexit2.o(.ARM.Collect$$rtexit$$00000001) for .ARM.Collect$$rtexit$$00000001
    rtexit2.o(.ARM.exidx) refers to rtexit2.o(.ARM.Collect$$rtexit$$00000003) for .ARM.Collect$$rtexit$$00000003
    rtexit2.o(.ARM.exidx) refers to rtexit2.o(.ARM.Collect$$rtexit$$00000004) for .ARM.Collect$$rtexit$$00000004
    argv_veneer.o(.emb_text) refers to no_argv.o(.text) for __ARM_get_argv
    _get_argv_nomalloc.o(.text) refers (Special) to hrguard.o(.text) for __heap_region$guard
    _get_argv_nomalloc.o(.text) refers to defsig_rtmem_outer.o(.text) for __rt_SIGRTMEM
    _get_argv_nomalloc.o(.text) refers to sys_command.o(.text) for _sys_command_string
    libshutdown.o(.ARM.Collect$$libshutdown$$00000000) refers (Special) to libshutdown2.o(.ARM.Collect$$libshutdown$$00000002) for __rt_lib_shutdown_cpp_1
    libshutdown.o(.ARM.Collect$$libshutdown$$00000000) refers (Special) to libshutdown2.o(.ARM.Collect$$libshutdown$$00000007) for __rt_lib_shutdown_fp_trap_1
    libshutdown.o(.ARM.Collect$$libshutdown$$00000000) refers (Special) to libshutdown2.o(.ARM.Collect$$libshutdown$$0000000F) for __rt_lib_shutdown_heap_1
    libshutdown.o(.ARM.Collect$$libshutdown$$00000000) refers (Special) to libshutdown2.o(.ARM.Collect$$libshutdown$$00000010) for __rt_lib_shutdown_return
    libshutdown.o(.ARM.Collect$$libshutdown$$00000000) refers (Special) to libshutdown2.o(.ARM.Collect$$libshutdown$$0000000A) for __rt_lib_shutdown_signal_1
    libshutdown.o(.ARM.Collect$$libshutdown$$00000000) refers (Special) to libshutdown2.o(.ARM.Collect$$libshutdown$$00000004) for __rt_lib_shutdown_stdio_1
    libshutdown.o(.ARM.Collect$$libshutdown$$00000000) refers (Special) to libshutdown2.o(.ARM.Collect$$libshutdown$$0000000C) for __rt_lib_shutdown_user_alloc_1
    sys_command.o(.text) refers (Special) to use_no_semi.o(.text) for __I$use$semihosting
    sys_command.o(.text) refers (Special) to indicate_semi.o(.text) for __semihosting_library_function
    defsig_rtmem_outer.o(.text) refers to defsig_rtmem_inner.o(.text) for __rt_SIGRTMEM_inner
    defsig_rtmem_outer.o(.text) refers to defsig_exit.o(.text) for __sig_exit
    defsig_rtmem_formal.o(.text) refers to rt_raise.o(.text) for __rt_raise
    rt_raise.o(.text) refers to __raise.o(.text) for __raise
    rt_raise.o(.text) refers to usart.o(.text) for _sys_exit
    defsig_exit.o(.text) refers to usart.o(.text) for _sys_exit
    defsig_rtmem_inner.o(.text) refers to defsig_general.o(.text) for __default_signal_display
    __raise.o(.text) refers to defsig.o(CL$$defsig) for __default_signal_handler
    defsig_general.o(.text) refers to sys_wrch.o(.text) for _ttywrch
    sys_wrch.o(.text) refers (Special) to use_no_semi.o(.text) for __I$use$semihosting
    sys_wrch.o(.text) refers (Special) to indicate_semi.o(.text) for __semihosting_library_function
    defsig.o(CL$$defsig) refers to defsig_rtmem_inner.o(.text) for __rt_SIGRTMEM_inner
    defsig_abrt_inner.o(.text) refers to defsig_general.o(.text) for __default_signal_display
    defsig_fpe_inner.o(.text) refers to defsig_general.o(.text) for __default_signal_display
    defsig_rtred_inner.o(.text) refers to defsig_general.o(.text) for __default_signal_display
    defsig_stak_inner.o(.text) refers to defsig_general.o(.text) for __default_signal_display
    defsig_pvfn_inner.o(.text) refers to defsig_general.o(.text) for __default_signal_display
    defsig_cppl_inner.o(.text) refers to defsig_general.o(.text) for __default_signal_display
    defsig_segv_inner.o(.text) refers to defsig_general.o(.text) for __default_signal_display
    defsig_other.o(.text) refers to defsig_general.o(.text) for __default_signal_display


==============================================================================

Removing Unused input sections from the image.

    Removing oled_i2c.o(.data), (160 bytes).
    Removing core_cm3.o(.emb_text), (32 bytes).

2 unused section(s) (total 192 bytes) removed from the image.

==============================================================================

Image Symbol Table

    Local Symbols

    Symbol Name                              Value     Ov Type        Size  Object(Section)

    ../clib/angel/boardlib.s                 0x00000000   Number         0  boardshut.o ABSOLUTE
    ../clib/angel/boardlib.s                 0x00000000   Number         0  boardinit1.o ABSOLUTE
    ../clib/angel/boardlib.s                 0x00000000   Number         0  boardinit3.o ABSOLUTE
    ../clib/angel/boardlib.s                 0x00000000   Number         0  boardinit2.o ABSOLUTE
    ../clib/angel/handlers.s                 0x00000000   Number         0  __scatter_zi.o ABSOLUTE
    ../clib/angel/handlers.s                 0x00000000   Number         0  __scatter_copy.o ABSOLUTE
    ../clib/angel/kernel.s                   0x00000000   Number         0  rtexit.o ABSOLUTE
    ../clib/angel/kernel.s                   0x00000000   Number         0  rtexit2.o ABSOLUTE
    ../clib/angel/kernel.s                   0x00000000   Number         0  __rtentry.o ABSOLUTE
    ../clib/angel/kernel.s                   0x00000000   Number         0  __rtentry2.o ABSOLUTE
    ../clib/angel/kernel.s                   0x00000000   Number         0  __rtentry4.o ABSOLUTE
    ../clib/angel/rt.s                       0x00000000   Number         0  rt_raise.o ABSOLUTE
    ../clib/angel/scatter.s                  0x00000000   Number         0  __scatter.o ABSOLUTE
    ../clib/angel/startup.s                  0x00000000   Number         0  __main.o ABSOLUTE
    ../clib/angel/sys.s                      0x00000000   Number         0  libspace.o ABSOLUTE
    ../clib/angel/sys.s                      0x00000000   Number         0  indicate_semi.o ABSOLUTE
    ../clib/angel/sys.s                      0x00000000   Number         0  sys_stackheap_outer.o ABSOLUTE
    ../clib/angel/sys.s                      0x00000000   Number         0  use_no_semi.o ABSOLUTE
    ../clib/angel/sys.s                      0x00000000   Number         0  use_no_semi_2.o ABSOLUTE
    ../clib/angel/sysapp.c                   0x00000000   Number         0  sys_wrch.o ABSOLUTE
    ../clib/angel/sysapp.c                   0x00000000   Number         0  sys_command.o ABSOLUTE
    ../clib/armsys.c                         0x00000000   Number         0  no_argv.o ABSOLUTE
    ../clib/armsys.c                         0x00000000   Number         0  argv_veneer.o ABSOLUTE
    ../clib/armsys.c                         0x00000000   Number         0  argv_veneer.o ABSOLUTE
    ../clib/armsys.c                         0x00000000   Number         0  _get_argv_nomalloc.o ABSOLUTE
    ../clib/heapalloc.c                      0x00000000   Number         0  hrguard.o ABSOLUTE
    ../clib/heapaux.c                        0x00000000   Number         0  heapauxi.o ABSOLUTE
    ../clib/libinit.s                        0x00000000   Number         0  libinit.o ABSOLUTE
    ../clib/libinit.s                        0x00000000   Number         0  libshutdown2.o ABSOLUTE
    ../clib/libinit.s                        0x00000000   Number         0  libinit2.o ABSOLUTE
    ../clib/libinit.s                        0x00000000   Number         0  libshutdown.o ABSOLUTE
    ../clib/memcpset.s                       0x00000000   Number         0  rt_memclr.o ABSOLUTE
    ../clib/memcpset.s                       0x00000000   Number         0  rt_memclr_w.o ABSOLUTE
    ../clib/misc.s                           0x00000000   Number         0  printf_stubs.o ABSOLUTE
    ../clib/printf.c                         0x00000000   Number         0  noretval__2printf.o ABSOLUTE
    ../clib/printf.c                         0x00000000   Number         0  noretval__2sprintf.o ABSOLUTE
    ../clib/printf.c                         0x00000000   Number         0  __printf.o ABSOLUTE
    ../clib/printf.c                         0x00000000   Number         0  _printf_pad.o ABSOLUTE
    ../clib/printf.c                         0x00000000   Number         0  _printf_str.o ABSOLUTE
    ../clib/printf.c                         0x00000000   Number         0  _printf_dec.o ABSOLUTE
    ../clib/printf.c                         0x00000000   Number         0  _printf_hex_ll.o ABSOLUTE
    ../clib/printf.c                         0x00000000   Number         0  _printf_hex_int.o ABSOLUTE
    ../clib/printf.c                         0x00000000   Number         0  __printf_nopercent.o ABSOLUTE
    ../clib/printf.c                         0x00000000   Number         0  _printf_hex_int_ll.o ABSOLUTE
    ../clib/printf.c                         0x00000000   Number         0  _printf_hex_ptr.o ABSOLUTE
    ../clib/printf.c                         0x00000000   Number         0  _printf_hex_int_ptr.o ABSOLUTE
    ../clib/printf.c                         0x00000000   Number         0  _printf_hex_ll_ptr.o ABSOLUTE
    ../clib/printf.c                         0x00000000   Number         0  _printf_hex_int_ll_ptr.o ABSOLUTE
    ../clib/printf.c                         0x00000000   Number         0  __printf_flags.o ABSOLUTE
    ../clib/printf.c                         0x00000000   Number         0  __printf_ss.o ABSOLUTE
    ../clib/printf.c                         0x00000000   Number         0  __printf_flags_ss.o ABSOLUTE
    ../clib/printf.c                         0x00000000   Number         0  __printf_wp.o ABSOLUTE
    ../clib/printf.c                         0x00000000   Number         0  __printf_flags_wp.o ABSOLUTE
    ../clib/printf.c                         0x00000000   Number         0  _printf_char_file.o ABSOLUTE
    ../clib/printf.c                         0x00000000   Number         0  __printf_ss_wp.o ABSOLUTE
    ../clib/printf.c                         0x00000000   Number         0  __printf_flags_ss_wp.o ABSOLUTE
    ../clib/printf.c                         0x00000000   Number         0  _sputc.o ABSOLUTE
    ../clib/printf.c                         0x00000000   Number         0  _printf_char_common.o ABSOLUTE
    ../clib/printf.c                         0x00000000   Number         0  _printf_intcommon.o ABSOLUTE
    ../clib/printf.c                         0x00000000   Number         0  _printf_char.o ABSOLUTE
    ../clib/printf.c                         0x00000000   Number         0  __2printf.o ABSOLUTE
    ../clib/printf.c                         0x00000000   Number         0  __2sprintf.o ABSOLUTE
    ../clib/printf_percent.s                 0x00000000   Number         0  _printf_x.o ABSOLUTE
    ../clib/printf_percent.s                 0x00000000   Number         0  _printf_percent.o ABSOLUTE
    ../clib/printf_percent.s                 0x00000000   Number         0  _printf_percent_end.o ABSOLUTE
    ../clib/printf_percent.s                 0x00000000   Number         0  _printf_d.o ABSOLUTE
    ../clib/printf_percent.s                 0x00000000   Number         0  _printf_s.o ABSOLUTE
    ../clib/signal.c                         0x00000000   Number         0  defsig_stak_inner.o ABSOLUTE
    ../clib/signal.c                         0x00000000   Number         0  defsig_rtmem_formal.o ABSOLUTE
    ../clib/signal.c                         0x00000000   Number         0  defsig_general.o ABSOLUTE
    ../clib/signal.c                         0x00000000   Number         0  __raise.o ABSOLUTE
    ../clib/signal.c                         0x00000000   Number         0  defsig_exit.o ABSOLUTE
    ../clib/signal.c                         0x00000000   Number         0  defsig_rtmem_inner.o ABSOLUTE
    ../clib/signal.c                         0x00000000   Number         0  defsig_rtmem_outer.o ABSOLUTE
    ../clib/signal.c                         0x00000000   Number         0  defsig_other.o ABSOLUTE
    ../clib/signal.c                         0x00000000   Number         0  defsig_segv_inner.o ABSOLUTE
    ../clib/signal.c                         0x00000000   Number         0  defsig_cppl_inner.o ABSOLUTE
    ../clib/signal.c                         0x00000000   Number         0  defsig_pvfn_inner.o ABSOLUTE
    ../clib/signal.c                         0x00000000   Number         0  defsig_rtred_inner.o ABSOLUTE
    ../clib/signal.c                         0x00000000   Number         0  defsig_fpe_inner.o ABSOLUTE
    ../clib/signal.c                         0x00000000   Number         0  defsig_abrt_inner.o ABSOLUTE
    ../clib/signal.s                         0x00000000   Number         0  defsig.o ABSOLUTE
    ../clib/stdio.c                          0x00000000   Number         0  ferror_locked.o ABSOLUTE
    ../clib/stdio.c                          0x00000000   Number         0  ferror.o ABSOLUTE
    ../clib/stdlib.c                         0x00000000   Number         0  exit.o ABSOLUTE
    ../clib/string.c                         0x00000000   Number         0  strstr.o ABSOLUTE
    ../fplib/fdiv.s                          0x00000000   Number         0  fdiv.o ABSOLUTE
    ../fplib/ffix.s                          0x00000000   Number         0  ffix.o ABSOLUTE
    ../fplib/fflt.s                          0x00000000   Number         0  fflt_clz.o ABSOLUTE
    ../fplib/fmul.s                          0x00000000   Number         0  fmul.o ABSOLUTE
    ../fplib/fnaninf.s                       0x00000000   Number         0  fnaninf.o ABSOLUTE
    ../fplib/fpinit.s                        0x00000000   Number         0  fpinit.o ABSOLUTE
    ../fplib/fretinf.s                       0x00000000   Number         0  fretinf.o ABSOLUTE
    ../fplib/usenofp.s                       0x00000000   Number         0  usenofp.o ABSOLUTE
    ..\CORE\core_cm3.c                       0x00000000   Number         0  core_cm3.o ABSOLUTE
    ..\CORE\startup_stm32f10x_md.s           0x00000000   Number         0  startup_stm32f10x_md.o ABSOLUTE
    ..\HARDWARE\BC95\BC95.c                  0x00000000   Number         0  bc95.o ABSOLUTE
    ..\HARDWARE\IIC\algorithm.c              0x00000000   Number         0  algorithm.o ABSOLUTE
    ..\HARDWARE\IIC\max30102.c               0x00000000   Number         0  max30102.o ABSOLUTE
    ..\HARDWARE\IIC\myiic.c                  0x00000000   Number         0  myiic.o ABSOLUTE
    ..\HARDWARE\LED\led.c                    0x00000000   Number         0  led.o ABSOLUTE
    ..\HARDWARE\OLED\OLED_I2C.c              0x00000000   Number         0  oled_i2c.o ABSOLUTE
    ..\STM32F10x_FWLib\src\misc.c            0x00000000   Number         0  misc.o ABSOLUTE
    ..\STM32F10x_FWLib\src\stm32f10x_gpio.c  0x00000000   Number         0  stm32f10x_gpio.o ABSOLUTE
    ..\STM32F10x_FWLib\src\stm32f10x_i2c.c   0x00000000   Number         0  stm32f10x_i2c.o ABSOLUTE
    ..\STM32F10x_FWLib\src\stm32f10x_rcc.c   0x00000000   Number         0  stm32f10x_rcc.o ABSOLUTE
    ..\STM32F10x_FWLib\src\stm32f10x_usart.c 0x00000000   Number         0  stm32f10x_usart.o ABSOLUTE
    ..\SYSTEM\delay\delay.c                  0x00000000   Number         0  delay.o ABSOLUTE
    ..\SYSTEM\sys\sys.c                      0x00000000   Number         0  sys.o ABSOLUTE
    ..\SYSTEM\usart\usart.c                  0x00000000   Number         0  usart.o ABSOLUTE
    ..\\CORE\\core_cm3.c                     0x00000000   Number         0  core_cm3.o ABSOLUTE
    dc.s                                     0x00000000   Number         0  dc.o ABSOLUTE
    main.c                                   0x00000000   Number         0  main.o ABSOLUTE
    stm32f10x_it.c                           0x00000000   Number         0  stm32f10x_it.o ABSOLUTE
    system_stm32f10x.c                       0x00000000   Number         0  system_stm32f10x.o ABSOLUTE
    RESET                                    0x08000000   Section      236  startup_stm32f10x_md.o(RESET)
    !!!main                                  0x080000ec   Section        8  __main.o(!!!main)
    !!!scatter                               0x080000f4   Section       52  __scatter.o(!!!scatter)
    !!handler_copy                           0x08000128   Section       26  __scatter_copy.o(!!handler_copy)
    !!handler_zi                             0x08000144   Section       28  __scatter_zi.o(!!handler_zi)
    .ARM.Collect$$_printf_percent$$00000000  0x08000160   Section        0  _printf_percent.o(.ARM.Collect$$_printf_percent$$00000000)
    .ARM.Collect$$_printf_percent$$00000009  0x08000160   Section        6  _printf_d.o(.ARM.Collect$$_printf_percent$$00000009)
    .ARM.Collect$$_printf_percent$$0000000C  0x08000166   Section        6  _printf_x.o(.ARM.Collect$$_printf_percent$$0000000C)
    .ARM.Collect$$_printf_percent$$00000014  0x0800016c   Section        6  _printf_s.o(.ARM.Collect$$_printf_percent$$00000014)
    .ARM.Collect$$_printf_percent$$00000017  0x08000172   Section        4  _printf_percent_end.o(.ARM.Collect$$_printf_percent$$00000017)
    .ARM.Collect$$libinit$$00000000          0x08000176   Section        2  libinit.o(.ARM.Collect$$libinit$$00000000)
    .ARM.Collect$$libinit$$00000002          0x08000178   Section        0  libinit2.o(.ARM.Collect$$libinit$$00000002)
    .ARM.Collect$$libinit$$00000004          0x08000178   Section        0  libinit2.o(.ARM.Collect$$libinit$$00000004)
    .ARM.Collect$$libinit$$0000000A          0x08000178   Section        0  libinit2.o(.ARM.Collect$$libinit$$0000000A)
    .ARM.Collect$$libinit$$0000000C          0x08000178   Section        0  libinit2.o(.ARM.Collect$$libinit$$0000000C)
    .ARM.Collect$$libinit$$0000000E          0x08000178   Section        0  libinit2.o(.ARM.Collect$$libinit$$0000000E)
    .ARM.Collect$$libinit$$00000011          0x08000178   Section        0  libinit2.o(.ARM.Collect$$libinit$$00000011)
    .ARM.Collect$$libinit$$00000013          0x08000178   Section        0  libinit2.o(.ARM.Collect$$libinit$$00000013)
    .ARM.Collect$$libinit$$00000015          0x08000178   Section        0  libinit2.o(.ARM.Collect$$libinit$$00000015)
    .ARM.Collect$$libinit$$00000017          0x08000178   Section        0  libinit2.o(.ARM.Collect$$libinit$$00000017)
    .ARM.Collect$$libinit$$00000019          0x08000178   Section        0  libinit2.o(.ARM.Collect$$libinit$$00000019)
    .ARM.Collect$$libinit$$0000001B          0x08000178   Section        0  libinit2.o(.ARM.Collect$$libinit$$0000001B)
    .ARM.Collect$$libinit$$0000001D          0x08000178   Section        0  libinit2.o(.ARM.Collect$$libinit$$0000001D)
    .ARM.Collect$$libinit$$0000001F          0x08000178   Section        0  libinit2.o(.ARM.Collect$$libinit$$0000001F)
    .ARM.Collect$$libinit$$00000021          0x08000178   Section        0  libinit2.o(.ARM.Collect$$libinit$$00000021)
    .ARM.Collect$$libinit$$00000023          0x08000178   Section        0  libinit2.o(.ARM.Collect$$libinit$$00000023)
    .ARM.Collect$$libinit$$00000025          0x08000178   Section        0  libinit2.o(.ARM.Collect$$libinit$$00000025)
    .ARM.Collect$$libinit$$0000002C          0x08000178   Section        0  libinit2.o(.ARM.Collect$$libinit$$0000002C)
    .ARM.Collect$$libinit$$0000002E          0x08000178   Section        0  libinit2.o(.ARM.Collect$$libinit$$0000002E)
    .ARM.Collect$$libinit$$00000030          0x08000178   Section        0  libinit2.o(.ARM.Collect$$libinit$$00000030)
    .ARM.Collect$$libinit$$00000032          0x08000178   Section        0  libinit2.o(.ARM.Collect$$libinit$$00000032)
    .ARM.Collect$$libinit$$00000033          0x08000178   Section        2  libinit2.o(.ARM.Collect$$libinit$$00000033)
    .ARM.Collect$$libshutdown$$00000000      0x0800017a   Section        2  libshutdown.o(.ARM.Collect$$libshutdown$$00000000)
    .ARM.Collect$$libshutdown$$00000002      0x0800017c   Section        0  libshutdown2.o(.ARM.Collect$$libshutdown$$00000002)
    .ARM.Collect$$libshutdown$$00000004      0x0800017c   Section        0  libshutdown2.o(.ARM.Collect$$libshutdown$$00000004)
    .ARM.Collect$$libshutdown$$00000007      0x0800017c   Section        0  libshutdown2.o(.ARM.Collect$$libshutdown$$00000007)
    .ARM.Collect$$libshutdown$$0000000A      0x0800017c   Section        0  libshutdown2.o(.ARM.Collect$$libshutdown$$0000000A)
    .ARM.Collect$$libshutdown$$0000000C      0x0800017c   Section        0  libshutdown2.o(.ARM.Collect$$libshutdown$$0000000C)
    .ARM.Collect$$libshutdown$$0000000F      0x0800017c   Section        0  libshutdown2.o(.ARM.Collect$$libshutdown$$0000000F)
    .ARM.Collect$$libshutdown$$00000010      0x0800017c   Section        2  libshutdown2.o(.ARM.Collect$$libshutdown$$00000010)
    .ARM.Collect$$rtentry$$00000000          0x0800017e   Section        0  __rtentry.o(.ARM.Collect$$rtentry$$00000000)
    .ARM.Collect$$rtentry$$00000002          0x0800017e   Section        0  __rtentry2.o(.ARM.Collect$$rtentry$$00000002)
    .ARM.Collect$$rtentry$$00000004          0x0800017e   Section        6  __rtentry4.o(.ARM.Collect$$rtentry$$00000004)
    .ARM.Collect$$rtentry$$00000009          0x08000184   Section        0  __rtentry2.o(.ARM.Collect$$rtentry$$00000009)
    .ARM.Collect$$rtentry$$0000000A          0x08000184   Section        4  __rtentry2.o(.ARM.Collect$$rtentry$$0000000A)
    .ARM.Collect$$rtentry$$0000000C          0x08000188   Section        0  __rtentry2.o(.ARM.Collect$$rtentry$$0000000C)
    .ARM.Collect$$rtentry$$0000000D          0x08000188   Section        8  __rtentry2.o(.ARM.Collect$$rtentry$$0000000D)
    .ARM.Collect$$rtexit$$00000000           0x08000190   Section        2  rtexit.o(.ARM.Collect$$rtexit$$00000000)
    .ARM.Collect$$rtexit$$00000002           0x08000192   Section        0  rtexit2.o(.ARM.Collect$$rtexit$$00000002)
    .ARM.Collect$$rtexit$$00000003           0x08000192   Section        4  rtexit2.o(.ARM.Collect$$rtexit$$00000003)
    .ARM.Collect$$rtexit$$00000004           0x08000196   Section        6  rtexit2.o(.ARM.Collect$$rtexit$$00000004)
    .text                                    0x0800019c   Section        0  main.o(.text)
    .text                                    0x080005b0   Section        0  stm32f10x_it.o(.text)
    .text                                    0x080005cc   Section        0  system_stm32f10x.o(.text)
    SetSysClockTo72                          0x080005cd   Thumb Code   214  system_stm32f10x.o(.text)
    SetSysClock                              0x080006a3   Thumb Code     8  system_stm32f10x.o(.text)
    .text                                    0x080007ac   Section        0  led.o(.text)
    .text                                    0x080007e0   Section        0  max30102.o(.text)
    .text                                    0x08000ad8   Section        0  algorithm.o(.text)
    .text                                    0x0800117c   Section        0  myiic.o(.text)
    .text                                    0x08001500   Section        0  oled_i2c.o(.text)
    .text                                    0x08001928   Section        0  bc95.o(.text)
    .text                                    0x080020c8   Section        0  delay.o(.text)
    .text                                    0x0800219c   Section        0  sys.o(.text)
    .text                                    0x080021a8   Section        0  usart.o(.text)
    .text                                    0x08002434   Section       64  startup_stm32f10x_md.o(.text)
    .text                                    0x08002474   Section        0  stm32f10x_gpio.o(.text)
    .text                                    0x080027d0   Section        0  stm32f10x_rcc.o(.text)
    .text                                    0x08002b74   Section        0  stm32f10x_usart.o(.text)
    .text                                    0x08002f7c   Section        0  misc.o(.text)
    .text                                    0x08003058   Section        0  stm32f10x_i2c.o(.text)
    .text                                    0x0800345c   Section        2  use_no_semi_2.o(.text)
    .text                                    0x08003460   Section        0  noretval__2printf.o(.text)
    .text                                    0x08003478   Section        0  noretval__2sprintf.o(.text)
    .text                                    0x080034a0   Section        0  _printf_pad.o(.text)
    .text                                    0x080034ee   Section        0  _printf_str.o(.text)
    .text                                    0x08003540   Section        0  _printf_dec.o(.text)
    .text                                    0x080035b8   Section        0  _printf_hex_int.o(.text)
    .text                                    0x08003610   Section        0  __printf_flags_wp.o(.text)
    .text                                    0x08003748   Section        0  strstr.o(.text)
    .text                                    0x0800376c   Section       68  rt_memclr.o(.text)
    .text                                    0x080037b0   Section       78  rt_memclr_w.o(.text)
    .text                                    0x080037fe   Section        0  heapauxi.o(.text)
    .text                                    0x08003804   Section        2  use_no_semi.o(.text)
    .text                                    0x08003806   Section        0  _printf_intcommon.o(.text)
    .text                                    0x080038b8   Section        0  _printf_char_common.o(.text)
    _printf_input_char                       0x080038b9   Thumb Code    10  _printf_char_common.o(.text)
    .text                                    0x080038e8   Section        0  _sputc.o(.text)
    .text                                    0x080038f2   Section        0  _printf_char.o(.text)
    .text                                    0x08003920   Section        0  _printf_char_file.o(.text)
    .text                                    0x08003944   Section        0  ferror.o(.text)
    .text                                    0x0800394c   Section       74  sys_stackheap_outer.o(.text)
    .text                                    0x08003996   Section        0  exit.o(.text)
    .text                                    0x080039a8   Section        8  libspace.o(.text)
    i._is_digit                              0x080039b0   Section        0  __printf_wp.o(i._is_digit)
    x$fpl$fdiv                               0x080039c0   Section      388  fdiv.o(x$fpl$fdiv)
    _fdiv1                                   0x080039c1   Thumb Code     0  fdiv.o(x$fpl$fdiv)
    x$fpl$ffix                               0x08003b44   Section       54  ffix.o(x$fpl$ffix)
    x$fpl$ffltu                              0x08003b7c   Section       38  fflt_clz.o(x$fpl$ffltu)
    x$fpl$fmul                               0x08003ba4   Section      258  fmul.o(x$fpl$fmul)
    x$fpl$fnaninf                            0x08003ca6   Section      140  fnaninf.o(x$fpl$fnaninf)
    x$fpl$fretinf                            0x08003d32   Section       10  fretinf.o(x$fpl$fretinf)
    .constdata                               0x08003d3c   Section      246  algorithm.o(.constdata)
    x$fpl$usenofp                            0x08003d3c   Section        0  usenofp.o(x$fpl$usenofp)
    .constdata                               0x08003e32   Section     2584  oled_i2c.o(.constdata)
    .constdata                               0x0800484a   Section       40  _printf_hex_int.o(.constdata)
    uc_hextab                                0x0800484a   Data          20  _printf_hex_int.o(.constdata)
    lc_hextab                                0x0800485e   Data          20  _printf_hex_int.o(.constdata)
    .constdata                               0x08004872   Section       17  __printf_flags_wp.o(.constdata)
    maptable                                 0x08004872   Data          17  __printf_flags_wp.o(.constdata)
    .data                                    0x20000000   Section       18  main.o(.data)
    .data                                    0x20000014   Section       20  system_stm32f10x.o(.data)
    .data                                    0x20000028   Section        8  bc95.o(.data)
    .data                                    0x20000030   Section        4  delay.o(.data)
    fac_us                                   0x20000030   Data           1  delay.o(.data)
    fac_ms                                   0x20000032   Data           2  delay.o(.data)
    .data                                    0x20000034   Section        7  usart.o(.data)
    .data                                    0x2000003b   Section       20  stm32f10x_rcc.o(.data)
    APBAHBPrescTable                         0x2000003b   Data          16  stm32f10x_rcc.o(.data)
    ADCPrescTable                            0x2000004b   Data           4  stm32f10x_rcc.o(.data)
    .bss                                     0x20000050   Section     4000  main.o(.bss)
    .bss                                     0x20000ff0   Section     5984  algorithm.o(.bss)
    an_dx                                    0x20000ff0   Data        1984  algorithm.o(.bss)
    an_x                                     0x200017b0   Data        2000  algorithm.o(.bss)
    an_y                                     0x20001f80   Data        2000  algorithm.o(.bss)
    .bss                                     0x20002750   Section      164  bc95.o(.bss)
    .bss                                     0x200027f4   Section      300  usart.o(.bss)
    .bss                                     0x20002920   Section       96  libspace.o(.bss)
    HEAP                                     0x20002980   Section      512  startup_stm32f10x_md.o(HEAP)
    Heap_Mem                                 0x20002980   Data         512  startup_stm32f10x_md.o(HEAP)
    STACK                                    0x20002b80   Section     1024  startup_stm32f10x_md.o(STACK)
    Stack_Mem                                0x20002b80   Data        1024  startup_stm32f10x_md.o(STACK)
    __initial_sp                             0x20002f80   Data           0  startup_stm32f10x_md.o(STACK)

    Global Symbols

    Symbol Name                              Value     Ov Type        Size  Object(Section)

    BuildAttributes$$THM_ISAv4$P$D$K$B$S$PE$A:L22UL41UL21$X:L11$S22US41US21$IEEE1$IW$USESV6$~STKCKD$USESV7$~SHL$OSPACE$ROPI$EBA8$UX$STANDARDLIB$REQ8$PRES8$EABIv2 0x00000000   Number         0  anon$$obj.o ABSOLUTE
    __ARM_use_no_argv                        0x00000000   Number         0  main.o ABSOLUTE
    _printf_flags                            0x00000000   Number         0  printf_stubs.o ABSOLUTE
    _printf_return_value                     0x00000000   Number         0  printf_stubs.o ABSOLUTE
    _printf_sizespec                         0x00000000   Number         0  printf_stubs.o ABSOLUTE
    _printf_widthprec                        0x00000000   Number         0  printf_stubs.o ABSOLUTE
    __ARM_exceptions_init                     - Undefined Weak Reference
    __alloca_initialize                       - Undefined Weak Reference
    __arm_preinit_                            - Undefined Weak Reference
    __cpp_initialize__aeabi_                  - Undefined Weak Reference
    __cxa_finalize                            - Undefined Weak Reference
    __rt_locale                               - Undefined Weak Reference
    __sigvec_lookup                           - Undefined Weak Reference
    _atexit_init                              - Undefined Weak Reference
    _call_atexit_fns                          - Undefined Weak Reference
    _clock_init                               - Undefined Weak Reference
    _fp_trap_init                             - Undefined Weak Reference
    _fp_trap_shutdown                         - Undefined Weak Reference
    _get_lc_collate                           - Undefined Weak Reference
    _get_lc_ctype                             - Undefined Weak Reference
    _get_lc_monetary                          - Undefined Weak Reference
    _get_lc_numeric                           - Undefined Weak Reference
    _get_lc_time                              - Undefined Weak Reference
    _getenv_init                              - Undefined Weak Reference
    _handle_redirection                       - Undefined Weak Reference
    _init_alloc                               - Undefined Weak Reference
    _init_user_alloc                          - Undefined Weak Reference
    _initio                                   - Undefined Weak Reference
    _mutex_acquire                            - Undefined Weak Reference
    _mutex_release                            - Undefined Weak Reference
    _printf_mbtowc                            - Undefined Weak Reference
    _printf_truncate_signed                   - Undefined Weak Reference
    _printf_truncate_unsigned                 - Undefined Weak Reference
    _rand_init                                - Undefined Weak Reference
    _signal_finish                            - Undefined Weak Reference
    _signal_init                              - Undefined Weak Reference
    _terminate_alloc                          - Undefined Weak Reference
    _terminate_user_alloc                     - Undefined Weak Reference
    _terminateio                              - Undefined Weak Reference
    __Vectors_Size                           0x000000ec   Number         0  startup_stm32f10x_md.o ABSOLUTE
    __Vectors                                0x08000000   Data           4  startup_stm32f10x_md.o(RESET)
    __Vectors_End                            0x080000ec   Data           0  startup_stm32f10x_md.o(RESET)
    __main                                   0x080000ed   Thumb Code     8  __main.o(!!!main)
    __scatterload                            0x080000f5   Thumb Code     0  __scatter.o(!!!scatter)
    __scatterload_rt2                        0x080000f5   Thumb Code    44  __scatter.o(!!!scatter)
    __scatterload_rt2_thumb_only             0x080000f5   Thumb Code     0  __scatter.o(!!!scatter)
    __scatterload_null                       0x08000103   Thumb Code     0  __scatter.o(!!!scatter)
    __scatterload_copy                       0x08000129   Thumb Code    26  __scatter_copy.o(!!handler_copy)
    __scatterload_zeroinit                   0x08000145   Thumb Code    28  __scatter_zi.o(!!handler_zi)
    _printf_d                                0x08000161   Thumb Code     0  _printf_d.o(.ARM.Collect$$_printf_percent$$00000009)
    _printf_percent                          0x08000161   Thumb Code     0  _printf_percent.o(.ARM.Collect$$_printf_percent$$00000000)
    _printf_x                                0x08000167   Thumb Code     0  _printf_x.o(.ARM.Collect$$_printf_percent$$0000000C)
    _printf_s                                0x0800016d   Thumb Code     0  _printf_s.o(.ARM.Collect$$_printf_percent$$00000014)
    _printf_percent_end                      0x08000173   Thumb Code     0  _printf_percent_end.o(.ARM.Collect$$_printf_percent$$00000017)
    __rt_lib_init                            0x08000177   Thumb Code     0  libinit.o(.ARM.Collect$$libinit$$00000000)
    __rt_lib_init_alloca_1                   0x08000179   Thumb Code     0  libinit2.o(.ARM.Collect$$libinit$$0000002E)
    __rt_lib_init_argv_1                     0x08000179   Thumb Code     0  libinit2.o(.ARM.Collect$$libinit$$0000002C)
    __rt_lib_init_atexit_1                   0x08000179   Thumb Code     0  libinit2.o(.ARM.Collect$$libinit$$0000001B)
    __rt_lib_init_clock_1                    0x08000179   Thumb Code     0  libinit2.o(.ARM.Collect$$libinit$$00000021)
    __rt_lib_init_cpp_1                      0x08000179   Thumb Code     0  libinit2.o(.ARM.Collect$$libinit$$00000032)
    __rt_lib_init_exceptions_1               0x08000179   Thumb Code     0  libinit2.o(.ARM.Collect$$libinit$$00000030)
    __rt_lib_init_fp_1                       0x08000179   Thumb Code     0  libinit2.o(.ARM.Collect$$libinit$$00000002)
    __rt_lib_init_fp_trap_1                  0x08000179   Thumb Code     0  libinit2.o(.ARM.Collect$$libinit$$0000001F)
    __rt_lib_init_getenv_1                   0x08000179   Thumb Code     0  libinit2.o(.ARM.Collect$$libinit$$00000023)
    __rt_lib_init_heap_1                     0x08000179   Thumb Code     0  libinit2.o(.ARM.Collect$$libinit$$0000000A)
    __rt_lib_init_lc_collate_1               0x08000179   Thumb Code     0  libinit2.o(.ARM.Collect$$libinit$$00000011)
    __rt_lib_init_lc_ctype_1                 0x08000179   Thumb Code     0  libinit2.o(.ARM.Collect$$libinit$$00000013)
    __rt_lib_init_lc_monetary_1              0x08000179   Thumb Code     0  libinit2.o(.ARM.Collect$$libinit$$00000015)
    __rt_lib_init_lc_numeric_1               0x08000179   Thumb Code     0  libinit2.o(.ARM.Collect$$libinit$$00000017)
    __rt_lib_init_lc_time_1                  0x08000179   Thumb Code     0  libinit2.o(.ARM.Collect$$libinit$$00000019)
    __rt_lib_init_preinit_1                  0x08000179   Thumb Code     0  libinit2.o(.ARM.Collect$$libinit$$00000004)
    __rt_lib_init_rand_1                     0x08000179   Thumb Code     0  libinit2.o(.ARM.Collect$$libinit$$0000000E)
    __rt_lib_init_return                     0x08000179   Thumb Code     0  libinit2.o(.ARM.Collect$$libinit$$00000033)
    __rt_lib_init_signal_1                   0x08000179   Thumb Code     0  libinit2.o(.ARM.Collect$$libinit$$0000001D)
    __rt_lib_init_stdio_1                    0x08000179   Thumb Code     0  libinit2.o(.ARM.Collect$$libinit$$00000025)
    __rt_lib_init_user_alloc_1               0x08000179   Thumb Code     0  libinit2.o(.ARM.Collect$$libinit$$0000000C)
    __rt_lib_shutdown                        0x0800017b   Thumb Code     0  libshutdown.o(.ARM.Collect$$libshutdown$$00000000)
    __rt_lib_shutdown_cpp_1                  0x0800017d   Thumb Code     0  libshutdown2.o(.ARM.Collect$$libshutdown$$00000002)
    __rt_lib_shutdown_fp_trap_1              0x0800017d   Thumb Code     0  libshutdown2.o(.ARM.Collect$$libshutdown$$00000007)
    __rt_lib_shutdown_heap_1                 0x0800017d   Thumb Code     0  libshutdown2.o(.ARM.Collect$$libshutdown$$0000000F)
    __rt_lib_shutdown_return                 0x0800017d   Thumb Code     0  libshutdown2.o(.ARM.Collect$$libshutdown$$00000010)
    __rt_lib_shutdown_signal_1               0x0800017d   Thumb Code     0  libshutdown2.o(.ARM.Collect$$libshutdown$$0000000A)
    __rt_lib_shutdown_stdio_1                0x0800017d   Thumb Code     0  libshutdown2.o(.ARM.Collect$$libshutdown$$00000004)
    __rt_lib_shutdown_user_alloc_1           0x0800017d   Thumb Code     0  libshutdown2.o(.ARM.Collect$$libshutdown$$0000000C)
    __rt_entry                               0x0800017f   Thumb Code     0  __rtentry.o(.ARM.Collect$$rtentry$$00000000)
    __rt_entry_presh_1                       0x0800017f   Thumb Code     0  __rtentry2.o(.ARM.Collect$$rtentry$$00000002)
    __rt_entry_sh                            0x0800017f   Thumb Code     0  __rtentry4.o(.ARM.Collect$$rtentry$$00000004)
    __rt_entry_li                            0x08000185   Thumb Code     0  __rtentry2.o(.ARM.Collect$$rtentry$$0000000A)
    __rt_entry_postsh_1                      0x08000185   Thumb Code     0  __rtentry2.o(.ARM.Collect$$rtentry$$00000009)
    __rt_entry_main                          0x08000189   Thumb Code     0  __rtentry2.o(.ARM.Collect$$rtentry$$0000000D)
    __rt_entry_postli_1                      0x08000189   Thumb Code     0  __rtentry2.o(.ARM.Collect$$rtentry$$0000000C)
    __rt_exit                                0x08000191   Thumb Code     0  rtexit.o(.ARM.Collect$$rtexit$$00000000)
    __rt_exit_ls                             0x08000193   Thumb Code     0  rtexit2.o(.ARM.Collect$$rtexit$$00000003)
    __rt_exit_prels_1                        0x08000193   Thumb Code     0  rtexit2.o(.ARM.Collect$$rtexit$$00000002)
    __rt_exit_exit                           0x08000197   Thumb Code     0  rtexit2.o(.ARM.Collect$$rtexit$$00000004)
    main                                     0x0800019d   Thumb Code   938  main.o(.text)
    NMI_Handler                              0x080005b1   Thumb Code     2  stm32f10x_it.o(.text)
    HardFault_Handler                        0x080005b3   Thumb Code     4  stm32f10x_it.o(.text)
    MemManage_Handler                        0x080005b7   Thumb Code     4  stm32f10x_it.o(.text)
    BusFault_Handler                         0x080005bb   Thumb Code     4  stm32f10x_it.o(.text)
    UsageFault_Handler                       0x080005bf   Thumb Code     4  stm32f10x_it.o(.text)
    SVC_Handler                              0x080005c3   Thumb Code     2  stm32f10x_it.o(.text)
    DebugMon_Handler                         0x080005c5   Thumb Code     2  stm32f10x_it.o(.text)
    PendSV_Handler                           0x080005c7   Thumb Code     2  stm32f10x_it.o(.text)
    SysTick_Handler                          0x080005c9   Thumb Code     2  stm32f10x_it.o(.text)
    SystemInit                               0x080006ab   Thumb Code    78  system_stm32f10x.o(.text)
    SystemCoreClockUpdate                    0x080006f9   Thumb Code   142  system_stm32f10x.o(.text)
    LED_Init                                 0x080007ad   Thumb Code    46  led.o(.text)
    max30102_Bus_Write                       0x080007e1   Thumb Code    68  max30102.o(.text)
    max30102_Bus_Read                        0x08000825   Thumb Code    82  max30102.o(.text)
    max30102_FIFO_ReadWords                  0x08000877   Thumb Code   168  max30102.o(.text)
    max30102_FIFO_ReadBytes                  0x0800091f   Thumb Code   128  max30102.o(.text)
    max30102_reset                           0x0800099f   Thumb Code    20  max30102.o(.text)
    max30102_init                            0x080009b3   Thumb Code   130  max30102.o(.text)
    maxim_max30102_write_reg                 0x08000a35   Thumb Code    18  max30102.o(.text)
    maxim_max30102_read_reg                  0x08000a47   Thumb Code    18  max30102.o(.text)
    maxim_max30102_read_fifo                 0x08000a59   Thumb Code   124  max30102.o(.text)
    maxim_sort_ascend                        0x08000ad9   Thumb Code    54  algorithm.o(.text)
    maxim_sort_indices_descend               0x08000b0f   Thumb Code    64  algorithm.o(.text)
    maxim_remove_close_peaks                 0x08000b4f   Thumb Code   114  algorithm.o(.text)
    maxim_peaks_above_min_height             0x08000bc1   Thumb Code   122  algorithm.o(.text)
    maxim_find_peaks                         0x08000c3b   Thumb Code    66  algorithm.o(.text)
    maxim_heart_rate_and_oxygen_saturation   0x08000c7d   Thumb Code  1272  algorithm.o(.text)
    IIC_Init                                 0x0800117d   Thumb Code    52  myiic.o(.text)
    IIC_Start                                0x080011b1   Thumb Code    72  myiic.o(.text)
    IIC_Stop                                 0x080011f9   Thumb Code    66  myiic.o(.text)
    IIC_Wait_Ack                             0x0800123b   Thumb Code    90  myiic.o(.text)
    IIC_Ack                                  0x08001295   Thumb Code    70  myiic.o(.text)
    IIC_NAck                                 0x080012db   Thumb Code    70  myiic.o(.text)
    IIC_Send_Byte                            0x08001321   Thumb Code    94  myiic.o(.text)
    IIC_Read_Byte                            0x0800137f   Thumb Code   102  myiic.o(.text)
    IIC_WriteBytes                           0x080013e5   Thumb Code    60  myiic.o(.text)
    IIC_ReadBytes                            0x08001421   Thumb Code    94  myiic.o(.text)
    IIC_Read_One_Byte                        0x0800147f   Thumb Code    62  myiic.o(.text)
    IIC_Write_One_Byte                       0x080014bd   Thumb Code    54  myiic.o(.text)
    I2C_Configuration                        0x08001501   Thumb Code   110  oled_i2c.o(.text)
    I2C_WriteByte                            0x0800156f   Thumb Code   126  oled_i2c.o(.text)
    WriteCmd                                 0x080015ed   Thumb Code    14  oled_i2c.o(.text)
    WriteDat                                 0x080015fb   Thumb Code    14  oled_i2c.o(.text)
    OLED_Init                                0x08001609   Thumb Code   178  oled_i2c.o(.text)
    OLED_SetPos                              0x080016bb   Thumb Code    40  oled_i2c.o(.text)
    OLED_Fill                                0x080016e3   Thumb Code    58  oled_i2c.o(.text)
    OLED_CLS                                 0x0800171d   Thumb Code    10  oled_i2c.o(.text)
    OLED_ON                                  0x08001727   Thumb Code    22  oled_i2c.o(.text)
    OLED_OFF                                 0x0800173d   Thumb Code    22  oled_i2c.o(.text)
    OLED_ShowStr                             0x08001753   Thumb Code   228  oled_i2c.o(.text)
    OLED_ShowCN                              0x08001837   Thumb Code    94  oled_i2c.o(.text)
    OLED_DrawBMP                             0x08001895   Thumb Code   148  oled_i2c.o(.text)
    Clear_Buffer                             0x08001929   Thumb Code    24  bc95.o(.text)
    CDP_Init                                 0x08001941   Thumb Code   420  bc95.o(.text)
    BC95_Init                                0x08001ae5   Thumb Code  1164  bc95.o(.text)
    BC95_SendCOAPdata                        0x08001f71   Thumb Code   104  bc95.o(.text)
    BC95_RECCOAPData                         0x08001fd9   Thumb Code    56  bc95.o(.text)
    delay_init                               0x080020c9   Thumb Code    50  delay.o(.text)
    delay_us                                 0x080020fb   Thumb Code    72  delay.o(.text)
    delay_ms                                 0x08002143   Thumb Code    72  delay.o(.text)
    NVIC_Configuration                       0x0800219d   Thumb Code    12  sys.o(.text)
    _sys_exit                                0x080021a9   Thumb Code     6  usart.o(.text)
    fputc                                    0x080021af   Thumb Code    24  usart.o(.text)
    uart_init                                0x080021c7   Thumb Code   158  usart.o(.text)
    Uart1_SendStr                            0x08002265   Thumb Code    34  usart.o(.text)
    UART1_send_byte                          0x08002287   Thumb Code    28  usart.o(.text)
    USART1_IRQHandler                        0x080022a3   Thumb Code   122  usart.o(.text)
    usart2_init                              0x0800231d   Thumb Code   160  usart.o(.text)
    USART2_Write                             0x080023bd   Thumb Code    50  usart.o(.text)
    USART2_IRQHandler                        0x080023ef   Thumb Code    40  usart.o(.text)
    Reset_Handler                            0x08002435   Thumb Code     8  startup_stm32f10x_md.o(.text)
    ADC1_2_IRQHandler                        0x0800244f   Thumb Code     0  startup_stm32f10x_md.o(.text)
    CAN1_RX1_IRQHandler                      0x0800244f   Thumb Code     0  startup_stm32f10x_md.o(.text)
    CAN1_SCE_IRQHandler                      0x0800244f   Thumb Code     0  startup_stm32f10x_md.o(.text)
    DMA1_Channel1_IRQHandler                 0x0800244f   Thumb Code     0  startup_stm32f10x_md.o(.text)
    DMA1_Channel2_IRQHandler                 0x0800244f   Thumb Code     0  startup_stm32f10x_md.o(.text)
    DMA1_Channel3_IRQHandler                 0x0800244f   Thumb Code     0  startup_stm32f10x_md.o(.text)
    DMA1_Channel4_IRQHandler                 0x0800244f   Thumb Code     0  startup_stm32f10x_md.o(.text)
    DMA1_Channel5_IRQHandler                 0x0800244f   Thumb Code     0  startup_stm32f10x_md.o(.text)
    DMA1_Channel6_IRQHandler                 0x0800244f   Thumb Code     0  startup_stm32f10x_md.o(.text)
    DMA1_Channel7_IRQHandler                 0x0800244f   Thumb Code     0  startup_stm32f10x_md.o(.text)
    EXTI0_IRQHandler                         0x0800244f   Thumb Code     0  startup_stm32f10x_md.o(.text)
    EXTI15_10_IRQHandler                     0x0800244f   Thumb Code     0  startup_stm32f10x_md.o(.text)
    EXTI1_IRQHandler                         0x0800244f   Thumb Code     0  startup_stm32f10x_md.o(.text)
    EXTI2_IRQHandler                         0x0800244f   Thumb Code     0  startup_stm32f10x_md.o(.text)
    EXTI3_IRQHandler                         0x0800244f   Thumb Code     0  startup_stm32f10x_md.o(.text)
    EXTI4_IRQHandler                         0x0800244f   Thumb Code     0  startup_stm32f10x_md.o(.text)
    EXTI9_5_IRQHandler                       0x0800244f   Thumb Code     0  startup_stm32f10x_md.o(.text)
    FLASH_IRQHandler                         0x0800244f   Thumb Code     0  startup_stm32f10x_md.o(.text)
    I2C1_ER_IRQHandler                       0x0800244f   Thumb Code     0  startup_stm32f10x_md.o(.text)
    I2C1_EV_IRQHandler                       0x0800244f   Thumb Code     0  startup_stm32f10x_md.o(.text)
    I2C2_ER_IRQHandler                       0x0800244f   Thumb Code     0  startup_stm32f10x_md.o(.text)
    I2C2_EV_IRQHandler                       0x0800244f   Thumb Code     0  startup_stm32f10x_md.o(.text)
    PVD_IRQHandler                           0x0800244f   Thumb Code     0  startup_stm32f10x_md.o(.text)
    RCC_IRQHandler                           0x0800244f   Thumb Code     0  startup_stm32f10x_md.o(.text)
    RTCAlarm_IRQHandler                      0x0800244f   Thumb Code     0  startup_stm32f10x_md.o(.text)
    RTC_IRQHandler                           0x0800244f   Thumb Code     0  startup_stm32f10x_md.o(.text)
    SPI1_IRQHandler                          0x0800244f   Thumb Code     0  startup_stm32f10x_md.o(.text)
    SPI2_IRQHandler                          0x0800244f   Thumb Code     0  startup_stm32f10x_md.o(.text)
    TAMPER_IRQHandler                        0x0800244f   Thumb Code     0  startup_stm32f10x_md.o(.text)
    TIM1_BRK_IRQHandler                      0x0800244f   Thumb Code     0  startup_stm32f10x_md.o(.text)
    TIM1_CC_IRQHandler                       0x0800244f   Thumb Code     0  startup_stm32f10x_md.o(.text)
    TIM1_TRG_COM_IRQHandler                  0x0800244f   Thumb Code     0  startup_stm32f10x_md.o(.text)
    TIM1_UP_IRQHandler                       0x0800244f   Thumb Code     0  startup_stm32f10x_md.o(.text)
    TIM2_IRQHandler                          0x0800244f   Thumb Code     0  startup_stm32f10x_md.o(.text)
    TIM3_IRQHandler                          0x0800244f   Thumb Code     0  startup_stm32f10x_md.o(.text)
    TIM4_IRQHandler                          0x0800244f   Thumb Code     0  startup_stm32f10x_md.o(.text)
    USART3_IRQHandler                        0x0800244f   Thumb Code     0  startup_stm32f10x_md.o(.text)
    USBWakeUp_IRQHandler                     0x0800244f   Thumb Code     0  startup_stm32f10x_md.o(.text)
    USB_HP_CAN1_TX_IRQHandler                0x0800244f   Thumb Code     0  startup_stm32f10x_md.o(.text)
    USB_LP_CAN1_RX0_IRQHandler               0x0800244f   Thumb Code     0  startup_stm32f10x_md.o(.text)
    WWDG_IRQHandler                          0x0800244f   Thumb Code     0  startup_stm32f10x_md.o(.text)
    __user_initial_stackheap                 0x08002451   Thumb Code     0  startup_stm32f10x_md.o(.text)
    GPIO_DeInit                              0x08002475   Thumb Code   172  stm32f10x_gpio.o(.text)
    GPIO_AFIODeInit                          0x08002521   Thumb Code    20  stm32f10x_gpio.o(.text)
    GPIO_Init                                0x08002535   Thumb Code   278  stm32f10x_gpio.o(.text)
    GPIO_StructInit                          0x0800264b   Thumb Code    16  stm32f10x_gpio.o(.text)
    GPIO_ReadInputDataBit                    0x0800265b   Thumb Code    18  stm32f10x_gpio.o(.text)
    GPIO_ReadInputData                       0x0800266d   Thumb Code     8  stm32f10x_gpio.o(.text)
    GPIO_ReadOutputDataBit                   0x08002675   Thumb Code    18  stm32f10x_gpio.o(.text)
    GPIO_ReadOutputData                      0x08002687   Thumb Code     8  stm32f10x_gpio.o(.text)
    GPIO_SetBits                             0x0800268f   Thumb Code     4  stm32f10x_gpio.o(.text)
    GPIO_ResetBits                           0x08002693   Thumb Code     4  stm32f10x_gpio.o(.text)
    GPIO_WriteBit                            0x08002697   Thumb Code    10  stm32f10x_gpio.o(.text)
    GPIO_Write                               0x080026a1   Thumb Code     4  stm32f10x_gpio.o(.text)
    GPIO_PinLockConfig                       0x080026a5   Thumb Code    18  stm32f10x_gpio.o(.text)
    GPIO_EventOutputConfig                   0x080026b7   Thumb Code    26  stm32f10x_gpio.o(.text)
    GPIO_EventOutputCmd                      0x080026d1   Thumb Code     6  stm32f10x_gpio.o(.text)
    GPIO_PinRemapConfig                      0x080026d7   Thumb Code   138  stm32f10x_gpio.o(.text)
    GPIO_EXTILineConfig                      0x08002761   Thumb Code    66  stm32f10x_gpio.o(.text)
    GPIO_ETH_MediaInterfaceConfig            0x080027a3   Thumb Code     8  stm32f10x_gpio.o(.text)
    RCC_DeInit                               0x080027d1   Thumb Code    64  stm32f10x_rcc.o(.text)
    RCC_HSEConfig                            0x08002811   Thumb Code    70  stm32f10x_rcc.o(.text)
    RCC_GetFlagStatus                        0x08002857   Thumb Code    56  stm32f10x_rcc.o(.text)
    RCC_WaitForHSEStartUp                    0x0800288f   Thumb Code    56  stm32f10x_rcc.o(.text)
    RCC_AdjustHSICalibrationValue            0x080028c7   Thumb Code    20  stm32f10x_rcc.o(.text)
    RCC_HSICmd                               0x080028db   Thumb Code     6  stm32f10x_rcc.o(.text)
    RCC_PLLConfig                            0x080028e1   Thumb Code    24  stm32f10x_rcc.o(.text)
    RCC_PLLCmd                               0x080028f9   Thumb Code     6  stm32f10x_rcc.o(.text)
    RCC_SYSCLKConfig                         0x080028ff   Thumb Code    18  stm32f10x_rcc.o(.text)
    RCC_GetSYSCLKSource                      0x08002911   Thumb Code    10  stm32f10x_rcc.o(.text)
    RCC_HCLKConfig                           0x0800291b   Thumb Code    18  stm32f10x_rcc.o(.text)
    RCC_PCLK1Config                          0x0800292d   Thumb Code    18  stm32f10x_rcc.o(.text)
    RCC_PCLK2Config                          0x0800293f   Thumb Code    20  stm32f10x_rcc.o(.text)
    RCC_ITConfig                             0x08002953   Thumb Code    26  stm32f10x_rcc.o(.text)
    RCC_USBCLKConfig                         0x0800296d   Thumb Code     8  stm32f10x_rcc.o(.text)
    RCC_ADCCLKConfig                         0x08002975   Thumb Code    18  stm32f10x_rcc.o(.text)
    RCC_LSEConfig                            0x08002987   Thumb Code    50  stm32f10x_rcc.o(.text)
    RCC_LSICmd                               0x080029b9   Thumb Code     6  stm32f10x_rcc.o(.text)
    RCC_RTCCLKConfig                         0x080029bf   Thumb Code    12  stm32f10x_rcc.o(.text)
    RCC_RTCCLKCmd                            0x080029cb   Thumb Code     8  stm32f10x_rcc.o(.text)
    RCC_GetClocksFreq                        0x080029d3   Thumb Code   192  stm32f10x_rcc.o(.text)
    RCC_AHBPeriphClockCmd                    0x08002a93   Thumb Code    26  stm32f10x_rcc.o(.text)
    RCC_APB2PeriphClockCmd                   0x08002aad   Thumb Code    26  stm32f10x_rcc.o(.text)
    RCC_APB1PeriphClockCmd                   0x08002ac7   Thumb Code    26  stm32f10x_rcc.o(.text)
    RCC_APB2PeriphResetCmd                   0x08002ae1   Thumb Code    26  stm32f10x_rcc.o(.text)
    RCC_APB1PeriphResetCmd                   0x08002afb   Thumb Code    26  stm32f10x_rcc.o(.text)
    RCC_BackupResetCmd                       0x08002b15   Thumb Code     8  stm32f10x_rcc.o(.text)
    RCC_ClockSecuritySystemCmd               0x08002b1d   Thumb Code     6  stm32f10x_rcc.o(.text)
    RCC_MCOConfig                            0x08002b23   Thumb Code     6  stm32f10x_rcc.o(.text)
    RCC_ClearFlag                            0x08002b29   Thumb Code    14  stm32f10x_rcc.o(.text)
    RCC_GetITStatus                          0x08002b37   Thumb Code    20  stm32f10x_rcc.o(.text)
    RCC_ClearITPendingBit                    0x08002b4b   Thumb Code     6  stm32f10x_rcc.o(.text)
    USART_DeInit                             0x08002b75   Thumb Code   134  stm32f10x_usart.o(.text)
    USART_Init                               0x08002bfb   Thumb Code   210  stm32f10x_usart.o(.text)
    USART_StructInit                         0x08002ccd   Thumb Code    24  stm32f10x_usart.o(.text)
    USART_ClockInit                          0x08002ce5   Thumb Code    34  stm32f10x_usart.o(.text)
    USART_ClockStructInit                    0x08002d07   Thumb Code    12  stm32f10x_usart.o(.text)
    USART_Cmd                                0x08002d13   Thumb Code    24  stm32f10x_usart.o(.text)
    USART_ITConfig                           0x08002d2b   Thumb Code    74  stm32f10x_usart.o(.text)
    USART_DMACmd                             0x08002d75   Thumb Code    18  stm32f10x_usart.o(.text)
    USART_SetAddress                         0x08002d87   Thumb Code    18  stm32f10x_usart.o(.text)
    USART_WakeUpConfig                       0x08002d99   Thumb Code    18  stm32f10x_usart.o(.text)
    USART_ReceiverWakeUpCmd                  0x08002dab   Thumb Code    24  stm32f10x_usart.o(.text)
    USART_LINBreakDetectLengthConfig         0x08002dc3   Thumb Code    18  stm32f10x_usart.o(.text)
    USART_LINCmd                             0x08002dd5   Thumb Code    24  stm32f10x_usart.o(.text)
    USART_SendData                           0x08002ded   Thumb Code     8  stm32f10x_usart.o(.text)
    USART_ReceiveData                        0x08002df5   Thumb Code    10  stm32f10x_usart.o(.text)
    USART_SendBreak                          0x08002dff   Thumb Code    10  stm32f10x_usart.o(.text)
    USART_SetGuardTime                       0x08002e09   Thumb Code    16  stm32f10x_usart.o(.text)
    USART_SetPrescaler                       0x08002e19   Thumb Code    16  stm32f10x_usart.o(.text)
    USART_SmartCardCmd                       0x08002e29   Thumb Code    24  stm32f10x_usart.o(.text)
    USART_SmartCardNACKCmd                   0x08002e41   Thumb Code    24  stm32f10x_usart.o(.text)
    USART_HalfDuplexCmd                      0x08002e59   Thumb Code    24  stm32f10x_usart.o(.text)
    USART_OverSampling8Cmd                   0x08002e71   Thumb Code    22  stm32f10x_usart.o(.text)
    USART_OneBitMethodCmd                    0x08002e87   Thumb Code    24  stm32f10x_usart.o(.text)
    USART_IrDAConfig                         0x08002e9f   Thumb Code    18  stm32f10x_usart.o(.text)
    USART_IrDACmd                            0x08002eb1   Thumb Code    24  stm32f10x_usart.o(.text)
    USART_GetFlagStatus                      0x08002ec9   Thumb Code    26  stm32f10x_usart.o(.text)
    USART_ClearFlag                          0x08002ee3   Thumb Code    18  stm32f10x_usart.o(.text)
    USART_GetITStatus                        0x08002ef5   Thumb Code    84  stm32f10x_usart.o(.text)
    USART_ClearITPendingBit                  0x08002f49   Thumb Code    52  stm32f10x_usart.o(.text)
    NVIC_PriorityGroupConfig                 0x08002f7d   Thumb Code    10  misc.o(.text)
    NVIC_Init                                0x08002f87   Thumb Code   100  misc.o(.text)
    NVIC_SetVectorTable                      0x08002feb   Thumb Code    14  misc.o(.text)
    NVIC_SystemLPConfig                      0x08002ff9   Thumb Code    34  misc.o(.text)
    SysTick_CLKSourceConfig                  0x0800301b   Thumb Code    40  misc.o(.text)
    I2C_DeInit                               0x08003059   Thumb Code    50  stm32f10x_i2c.o(.text)
    I2C_Init                                 0x0800308b   Thumb Code   222  stm32f10x_i2c.o(.text)
    I2C_StructInit                           0x08003169   Thumb Code    30  stm32f10x_i2c.o(.text)
    I2C_Cmd                                  0x08003187   Thumb Code    24  stm32f10x_i2c.o(.text)
    I2C_DMACmd                               0x0800319f   Thumb Code    24  stm32f10x_i2c.o(.text)
    I2C_DMALastTransferCmd                   0x080031b7   Thumb Code    24  stm32f10x_i2c.o(.text)
    I2C_GenerateSTART                        0x080031cf   Thumb Code    24  stm32f10x_i2c.o(.text)
    I2C_GenerateSTOP                         0x080031e7   Thumb Code    24  stm32f10x_i2c.o(.text)
    I2C_AcknowledgeConfig                    0x080031ff   Thumb Code    24  stm32f10x_i2c.o(.text)
    I2C_OwnAddress2Config                    0x08003217   Thumb Code    22  stm32f10x_i2c.o(.text)
    I2C_DualAddressCmd                       0x0800322d   Thumb Code    24  stm32f10x_i2c.o(.text)
    I2C_GeneralCallCmd                       0x08003245   Thumb Code    24  stm32f10x_i2c.o(.text)
    I2C_ITConfig                             0x0800325d   Thumb Code    18  stm32f10x_i2c.o(.text)
    I2C_SendData                             0x0800326f   Thumb Code     4  stm32f10x_i2c.o(.text)
    I2C_ReceiveData                          0x08003273   Thumb Code     8  stm32f10x_i2c.o(.text)
    I2C_Send7bitAddress                      0x0800327b   Thumb Code    18  stm32f10x_i2c.o(.text)
    I2C_ReadRegister                         0x0800328d   Thumb Code    22  stm32f10x_i2c.o(.text)
    I2C_SoftwareResetCmd                     0x080032a3   Thumb Code    22  stm32f10x_i2c.o(.text)
    I2C_NACKPositionConfig                   0x080032b9   Thumb Code    28  stm32f10x_i2c.o(.text)
    I2C_SMBusAlertConfig                     0x080032d5   Thumb Code    28  stm32f10x_i2c.o(.text)
    I2C_TransmitPEC                          0x080032f1   Thumb Code    24  stm32f10x_i2c.o(.text)
    I2C_PECPositionConfig                    0x08003309   Thumb Code    28  stm32f10x_i2c.o(.text)
    I2C_CalculatePEC                         0x08003325   Thumb Code    24  stm32f10x_i2c.o(.text)
    I2C_GetPEC                               0x0800333d   Thumb Code     8  stm32f10x_i2c.o(.text)
    I2C_ARPCmd                               0x08003345   Thumb Code    24  stm32f10x_i2c.o(.text)
    I2C_StretchClockCmd                      0x0800335d   Thumb Code    24  stm32f10x_i2c.o(.text)
    I2C_FastModeDutyCycleConfig              0x08003375   Thumb Code    28  stm32f10x_i2c.o(.text)
    I2C_CheckEvent                           0x08003391   Thumb Code    42  stm32f10x_i2c.o(.text)
    I2C_GetLastEvent                         0x080033bb   Thumb Code    26  stm32f10x_i2c.o(.text)
    I2C_GetFlagStatus                        0x080033d5   Thumb Code    58  stm32f10x_i2c.o(.text)
    I2C_ClearFlag                            0x0800340f   Thumb Code    12  stm32f10x_i2c.o(.text)
    I2C_GetITStatus                          0x0800341b   Thumb Code    54  stm32f10x_i2c.o(.text)
    I2C_ClearITPendingBit                    0x08003451   Thumb Code    12  stm32f10x_i2c.o(.text)
    __use_no_semihosting                     0x0800345d   Thumb Code     2  use_no_semi_2.o(.text)
    __2printf                                0x08003461   Thumb Code    20  noretval__2printf.o(.text)
    __2sprintf                               0x08003479   Thumb Code    34  noretval__2sprintf.o(.text)
    _printf_pre_padding                      0x080034a1   Thumb Code    44  _printf_pad.o(.text)
    _printf_post_padding                     0x080034cd   Thumb Code    34  _printf_pad.o(.text)
    _printf_str                              0x080034ef   Thumb Code    82  _printf_str.o(.text)
    _printf_int_dec                          0x08003541   Thumb Code   104  _printf_dec.o(.text)
    _printf_int_hex                          0x080035b9   Thumb Code    84  _printf_hex_int.o(.text)
    _printf_longlong_hex                     0x080035b9   Thumb Code     0  _printf_hex_int.o(.text)
    __printf                                 0x08003611   Thumb Code   308  __printf_flags_wp.o(.text)
    strstr                                   0x08003749   Thumb Code    36  strstr.o(.text)
    __aeabi_memclr                           0x0800376d   Thumb Code     0  rt_memclr.o(.text)
    __rt_memclr                              0x0800376d   Thumb Code    68  rt_memclr.o(.text)
    _memset                                  0x08003771   Thumb Code     0  rt_memclr.o(.text)
    __aeabi_memclr4                          0x080037b1   Thumb Code     0  rt_memclr_w.o(.text)
    __aeabi_memclr8                          0x080037b1   Thumb Code     0  rt_memclr_w.o(.text)
    __rt_memclr_w                            0x080037b1   Thumb Code    78  rt_memclr_w.o(.text)
    _memset_w                                0x080037b5   Thumb Code     0  rt_memclr_w.o(.text)
    __use_two_region_memory                  0x080037ff   Thumb Code     2  heapauxi.o(.text)
    __rt_heap_escrow$2region                 0x08003801   Thumb Code     2  heapauxi.o(.text)
    __rt_heap_expand$2region                 0x08003803   Thumb Code     2  heapauxi.o(.text)
    __I$use$semihosting                      0x08003805   Thumb Code     0  use_no_semi.o(.text)
    __use_no_semihosting_swi                 0x08003805   Thumb Code     2  use_no_semi.o(.text)
    _printf_int_common                       0x08003807   Thumb Code   178  _printf_intcommon.o(.text)
    _printf_char_common                      0x080038c3   Thumb Code    32  _printf_char_common.o(.text)
    _sputc                                   0x080038e9   Thumb Code    10  _sputc.o(.text)
    _printf_cs_common                        0x080038f3   Thumb Code    20  _printf_char.o(.text)
    _printf_char                             0x08003907   Thumb Code    16  _printf_char.o(.text)
    _printf_string                           0x08003917   Thumb Code     8  _printf_char.o(.text)
    _printf_char_file                        0x08003921   Thumb Code    32  _printf_char_file.o(.text)
    ferror                                   0x08003945   Thumb Code     8  ferror.o(.text)
    __user_setup_stackheap                   0x0800394d   Thumb Code    74  sys_stackheap_outer.o(.text)
    exit                                     0x08003997   Thumb Code    18  exit.o(.text)
    __user_libspace                          0x080039a9   Thumb Code     8  libspace.o(.text)
    __user_perproc_libspace                  0x080039a9   Thumb Code     0  libspace.o(.text)
    __user_perthread_libspace                0x080039a9   Thumb Code     0  libspace.o(.text)
    _is_digit                                0x080039b1   Thumb Code    14  __printf_wp.o(i._is_digit)
    __aeabi_fdiv                             0x080039c1   Thumb Code     0  fdiv.o(x$fpl$fdiv)
    _fdiv                                    0x080039c1   Thumb Code   384  fdiv.o(x$fpl$fdiv)
    __aeabi_f2iz                             0x08003b45   Thumb Code     0  ffix.o(x$fpl$ffix)
    _ffix                                    0x08003b45   Thumb Code    54  ffix.o(x$fpl$ffix)
    __aeabi_ui2f                             0x08003b7d   Thumb Code     0  fflt_clz.o(x$fpl$ffltu)
    _ffltu                                   0x08003b7d   Thumb Code    38  fflt_clz.o(x$fpl$ffltu)
    __aeabi_fmul                             0x08003ba5   Thumb Code     0  fmul.o(x$fpl$fmul)
    _fmul                                    0x08003ba5   Thumb Code   258  fmul.o(x$fpl$fmul)
    __fpl_fnaninf                            0x08003ca7   Thumb Code   140  fnaninf.o(x$fpl$fnaninf)
    __fpl_fretinf                            0x08003d33   Thumb Code    10  fretinf.o(x$fpl$fretinf)
    __I$use$fp                               0x08003d3c   Number         0  usenofp.o(x$fpl$usenofp)
    auw_hamm                                 0x08003d3c   Data          62  algorithm.o(.constdata)
    uch_spo2_table                           0x08003d7a   Data         184  algorithm.o(.constdata)
    F6x8                                     0x08003e32   Data         552  oled_i2c.o(.constdata)
    F8X16                                    0x0800405a   Data        1520  oled_i2c.o(.constdata)
    Hzk                                      0x0800464a   Data         512  oled_i2c.o(.constdata)
    Region$$Table$$Base                      0x08004884   Number         0  anon$$obj.o(Region$$Table)
    Region$$Table$$Limit                     0x080048a4   Number         0  anon$$obj.o(Region$$Table)
    n_ir_buffer_length                       0x20000000   Data           4  main.o(.data)
    n_sp02                                   0x20000004   Data           4  main.o(.data)
    ch_spo2_valid                            0x20000008   Data           1  main.o(.data)
    n_heart_rate                             0x2000000c   Data           4  main.o(.data)
    ch_hr_valid                              0x20000010   Data           1  main.o(.data)
    uch_dummy                                0x20000011   Data           1  main.o(.data)
    SystemCoreClock                          0x20000014   Data           4  system_stm32f10x.o(.data)
    AHBPrescTable                            0x20000018   Data          16  system_stm32f10x.o(.data)
    strx                                     0x20000028   Data           4  bc95.o(.data)
    extstrx                                  0x2000002c   Data           4  bc95.o(.data)
    __stdout                                 0x20000034   Data           4  usart.o(.data)
    USART_RX_STA                             0x20000038   Data           2  usart.o(.data)
    Rx2Counter                               0x2000003a   Data           1  usart.o(.data)
    aun_ir_buffer                            0x20000050   Data        2000  main.o(.bss)
    aun_red_buffer                           0x20000820   Data        2000  main.o(.bss)
    BC95_Status                              0x20002750   Data         114  bc95.o(.bss)
    bc35_send_data                           0x200027c2   Data          50  bc95.o(.bss)
    USART_RX_BUF                             0x200027f4   Data         200  usart.o(.bss)
    Rx2Buffer                                0x200028bc   Data         100  usart.o(.bss)
    __libspace_start                         0x20002920   Data          96  libspace.o(.bss)
    __temporary_stack_top$libspace           0x20002980   Data           0  libspace.o(.bss)



==============================================================================

Memory Map of the image

  Image Entry point : 0x080000ed

  Load Region LR_IROM1 (Base: 0x08000000, Size: 0x000048f4, Max: 0x00010000, ABSOLUTE)

    Execution Region ER_IROM1 (Exec base: 0x08000000, Load base: 0x08000000, Size: 0x000048a4, Max: 0x00010000, ABSOLUTE)

    Exec Addr    Load Addr    Size         Type   Attr      Idx    E Section Name        Object

    0x08000000   0x08000000   0x000000ec   Data   RO          285    RESET               startup_stm32f10x_md.o
    0x080000ec   0x080000ec   0x00000008   Code   RO          425  * !!!main             c_w.l(__main.o)
    0x080000f4   0x080000f4   0x00000034   Code   RO          618    !!!scatter          c_w.l(__scatter.o)
    0x08000128   0x08000128   0x0000001a   Code   RO          620    !!handler_copy      c_w.l(__scatter_copy.o)
    0x08000142   0x08000142   0x00000002   PAD
    0x08000144   0x08000144   0x0000001c   Code   RO          622    !!handler_zi        c_w.l(__scatter_zi.o)
    0x08000160   0x08000160   0x00000000   Code   RO          416    .ARM.Collect$$_printf_percent$$00000000  c_w.l(_printf_percent.o)
    0x08000160   0x08000160   0x00000006   Code   RO          415    .ARM.Collect$$_printf_percent$$00000009  c_w.l(_printf_d.o)
    0x08000166   0x08000166   0x00000006   Code   RO          414    .ARM.Collect$$_printf_percent$$0000000C  c_w.l(_printf_x.o)
    0x0800016c   0x0800016c   0x00000006   Code   RO          413    .ARM.Collect$$_printf_percent$$00000014  c_w.l(_printf_s.o)
    0x08000172   0x08000172   0x00000004   Code   RO          456    .ARM.Collect$$_printf_percent$$00000017  c_w.l(_printf_percent_end.o)
    0x08000176   0x08000176   0x00000002   Code   RO          492    .ARM.Collect$$libinit$$00000000  c_w.l(libinit.o)
    0x08000178   0x08000178   0x00000000   Code   RO          499    .ARM.Collect$$libinit$$00000002  c_w.l(libinit2.o)
    0x08000178   0x08000178   0x00000000   Code   RO          501    .ARM.Collect$$libinit$$00000004  c_w.l(libinit2.o)
    0x08000178   0x08000178   0x00000000   Code   RO          504    .ARM.Collect$$libinit$$0000000A  c_w.l(libinit2.o)
    0x08000178   0x08000178   0x00000000   Code   RO          506    .ARM.Collect$$libinit$$0000000C  c_w.l(libinit2.o)
    0x08000178   0x08000178   0x00000000   Code   RO          508    .ARM.Collect$$libinit$$0000000E  c_w.l(libinit2.o)
    0x08000178   0x08000178   0x00000000   Code   RO          511    .ARM.Collect$$libinit$$00000011  c_w.l(libinit2.o)
    0x08000178   0x08000178   0x00000000   Code   RO          513    .ARM.Collect$$libinit$$00000013  c_w.l(libinit2.o)
    0x08000178   0x08000178   0x00000000   Code   RO          515    .ARM.Collect$$libinit$$00000015  c_w.l(libinit2.o)
    0x08000178   0x08000178   0x00000000   Code   RO          517    .ARM.Collect$$libinit$$00000017  c_w.l(libinit2.o)
    0x08000178   0x08000178   0x00000000   Code   RO          519    .ARM.Collect$$libinit$$00000019  c_w.l(libinit2.o)
    0x08000178   0x08000178   0x00000000   Code   RO          521    .ARM.Collect$$libinit$$0000001B  c_w.l(libinit2.o)
    0x08000178   0x08000178   0x00000000   Code   RO          523    .ARM.Collect$$libinit$$0000001D  c_w.l(libinit2.o)
    0x08000178   0x08000178   0x00000000   Code   RO          525    .ARM.Collect$$libinit$$0000001F  c_w.l(libinit2.o)
    0x08000178   0x08000178   0x00000000   Code   RO          527    .ARM.Collect$$libinit$$00000021  c_w.l(libinit2.o)
    0x08000178   0x08000178   0x00000000   Code   RO          529    .ARM.Collect$$libinit$$00000023  c_w.l(libinit2.o)
    0x08000178   0x08000178   0x00000000   Code   RO          531    .ARM.Collect$$libinit$$00000025  c_w.l(libinit2.o)
    0x08000178   0x08000178   0x00000000   Code   RO          535    .ARM.Collect$$libinit$$0000002C  c_w.l(libinit2.o)
    0x08000178   0x08000178   0x00000000   Code   RO          537    .ARM.Collect$$libinit$$0000002E  c_w.l(libinit2.o)
    0x08000178   0x08000178   0x00000000   Code   RO          539    .ARM.Collect$$libinit$$00000030  c_w.l(libinit2.o)
    0x08000178   0x08000178   0x00000000   Code   RO          541    .ARM.Collect$$libinit$$00000032  c_w.l(libinit2.o)
    0x08000178   0x08000178   0x00000002   Code   RO          542    .ARM.Collect$$libinit$$00000033  c_w.l(libinit2.o)
    0x0800017a   0x0800017a   0x00000002   Code   RO          560    .ARM.Collect$$libshutdown$$00000000  c_w.l(libshutdown.o)
    0x0800017c   0x0800017c   0x00000000   Code   RO          570    .ARM.Collect$$libshutdown$$00000002  c_w.l(libshutdown2.o)
    0x0800017c   0x0800017c   0x00000000   Code   RO          572    .ARM.Collect$$libshutdown$$00000004  c_w.l(libshutdown2.o)
    0x0800017c   0x0800017c   0x00000000   Code   RO          575    .ARM.Collect$$libshutdown$$00000007  c_w.l(libshutdown2.o)
    0x0800017c   0x0800017c   0x00000000   Code   RO          578    .ARM.Collect$$libshutdown$$0000000A  c_w.l(libshutdown2.o)
    0x0800017c   0x0800017c   0x00000000   Code   RO          580    .ARM.Collect$$libshutdown$$0000000C  c_w.l(libshutdown2.o)
    0x0800017c   0x0800017c   0x00000000   Code   RO          583    .ARM.Collect$$libshutdown$$0000000F  c_w.l(libshutdown2.o)
    0x0800017c   0x0800017c   0x00000002   Code   RO          584    .ARM.Collect$$libshutdown$$00000010  c_w.l(libshutdown2.o)
    0x0800017e   0x0800017e   0x00000000   Code   RO          445    .ARM.Collect$$rtentry$$00000000  c_w.l(__rtentry.o)
    0x0800017e   0x0800017e   0x00000000   Code   RO          463    .ARM.Collect$$rtentry$$00000002  c_w.l(__rtentry2.o)
    0x0800017e   0x0800017e   0x00000006   Code   RO          475    .ARM.Collect$$rtentry$$00000004  c_w.l(__rtentry4.o)
    0x08000184   0x08000184   0x00000000   Code   RO          465    .ARM.Collect$$rtentry$$00000009  c_w.l(__rtentry2.o)
    0x08000184   0x08000184   0x00000004   Code   RO          466    .ARM.Collect$$rtentry$$0000000A  c_w.l(__rtentry2.o)
    0x08000188   0x08000188   0x00000000   Code   RO          468    .ARM.Collect$$rtentry$$0000000C  c_w.l(__rtentry2.o)
    0x08000188   0x08000188   0x00000008   Code   RO          469    .ARM.Collect$$rtentry$$0000000D  c_w.l(__rtentry2.o)
    0x08000190   0x08000190   0x00000002   Code   RO          496    .ARM.Collect$$rtexit$$00000000  c_w.l(rtexit.o)
    0x08000192   0x08000192   0x00000000   Code   RO          544    .ARM.Collect$$rtexit$$00000002  c_w.l(rtexit2.o)
    0x08000192   0x08000192   0x00000004   Code   RO          545    .ARM.Collect$$rtexit$$00000003  c_w.l(rtexit2.o)
    0x08000196   0x08000196   0x00000006   Code   RO          546    .ARM.Collect$$rtexit$$00000004  c_w.l(rtexit2.o)
    0x0800019c   0x0800019c   0x00000414   Code   RO            1    .text               main.o
    0x080005b0   0x080005b0   0x0000001a   Code   RO           87    .text               stm32f10x_it.o
    0x080005ca   0x080005ca   0x00000002   PAD
    0x080005cc   0x080005cc   0x000001e0   Code   RO          119    .text               system_stm32f10x.o
    0x080007ac   0x080007ac   0x00000034   Code   RO          137    .text               led.o
    0x080007e0   0x080007e0   0x000002f8   Code   RO          149    .text               max30102.o
    0x08000ad8   0x08000ad8   0x000006a4   Code   RO          161    .text               algorithm.o
    0x0800117c   0x0800117c   0x00000384   Code   RO          177    .text               myiic.o
    0x08001500   0x08001500   0x00000428   Code   RO          189    .text               oled_i2c.o
    0x08001928   0x08001928   0x000007a0   Code   RO          206    .text               bc95.o
    0x080020c8   0x080020c8   0x000000d4   Code   RO          223    .text               delay.o
    0x0800219c   0x0800219c   0x0000000c   Code   RO          237    .text               sys.o
    0x080021a8   0x080021a8   0x0000028c   Code   RO          249    .text               usart.o
    0x08002434   0x08002434   0x00000040   Code   RO          286    .text               startup_stm32f10x_md.o
    0x08002474   0x08002474   0x0000035c   Code   RO          290    .text               stm32f10x_gpio.o
    0x080027d0   0x080027d0   0x000003a4   Code   RO          302    .text               stm32f10x_rcc.o
    0x08002b74   0x08002b74   0x00000408   Code   RO          316    .text               stm32f10x_usart.o
    0x08002f7c   0x08002f7c   0x000000dc   Code   RO          328    .text               misc.o
    0x08003058   0x08003058   0x00000404   Code   RO          340    .text               stm32f10x_i2c.o
    0x0800345c   0x0800345c   0x00000002   Code   RO          354    .text               c_w.l(use_no_semi_2.o)
    0x0800345e   0x0800345e   0x00000002   PAD
    0x08003460   0x08003460   0x00000018   Code   RO          360    .text               c_w.l(noretval__2printf.o)
    0x08003478   0x08003478   0x00000028   Code   RO          362    .text               c_w.l(noretval__2sprintf.o)
    0x080034a0   0x080034a0   0x0000004e   Code   RO          366    .text               c_w.l(_printf_pad.o)
    0x080034ee   0x080034ee   0x00000052   Code   RO          368    .text               c_w.l(_printf_str.o)
    0x08003540   0x08003540   0x00000078   Code   RO          370    .text               c_w.l(_printf_dec.o)
    0x080035b8   0x080035b8   0x00000058   Code   RO          375    .text               c_w.l(_printf_hex_int.o)
    0x08003610   0x08003610   0x00000138   Code   RO          405    .text               c_w.l(__printf_flags_wp.o)
    0x08003748   0x08003748   0x00000024   Code   RO          417    .text               c_w.l(strstr.o)
    0x0800376c   0x0800376c   0x00000044   Code   RO          419    .text               c_w.l(rt_memclr.o)
    0x080037b0   0x080037b0   0x0000004e   Code   RO          421    .text               c_w.l(rt_memclr_w.o)
    0x080037fe   0x080037fe   0x00000006   Code   RO          423    .text               c_w.l(heapauxi.o)
    0x08003804   0x08003804   0x00000002   Code   RO          443    .text               c_w.l(use_no_semi.o)
    0x08003806   0x08003806   0x000000b2   Code   RO          446    .text               c_w.l(_printf_intcommon.o)
    0x080038b8   0x080038b8   0x00000030   Code   RO          448    .text               c_w.l(_printf_char_common.o)
    0x080038e8   0x080038e8   0x0000000a   Code   RO          450    .text               c_w.l(_sputc.o)
    0x080038f2   0x080038f2   0x0000002c   Code   RO          452    .text               c_w.l(_printf_char.o)
    0x0800391e   0x0800391e   0x00000002   PAD
    0x08003920   0x08003920   0x00000024   Code   RO          454    .text               c_w.l(_printf_char_file.o)
    0x08003944   0x08003944   0x00000008   Code   RO          479    .text               c_w.l(ferror.o)
    0x0800394c   0x0800394c   0x0000004a   Code   RO          483    .text               c_w.l(sys_stackheap_outer.o)
    0x08003996   0x08003996   0x00000012   Code   RO          485    .text               c_w.l(exit.o)
    0x080039a8   0x080039a8   0x00000008   Code   RO          493    .text               c_w.l(libspace.o)
    0x080039b0   0x080039b0   0x0000000e   Code   RO          403    i._is_digit         c_w.l(__printf_wp.o)
    0x080039be   0x080039be   0x00000002   PAD
    0x080039c0   0x080039c0   0x00000184   Code   RO          428    x$fpl$fdiv          fz_ws.l(fdiv.o)
    0x08003b44   0x08003b44   0x00000036   Code   RO          431    x$fpl$ffix          fz_ws.l(ffix.o)
    0x08003b7a   0x08003b7a   0x00000002   PAD
    0x08003b7c   0x08003b7c   0x00000026   Code   RO          435    x$fpl$ffltu         fz_ws.l(fflt_clz.o)
    0x08003ba2   0x08003ba2   0x00000002   PAD
    0x08003ba4   0x08003ba4   0x00000102   Code   RO          441    x$fpl$fmul          fz_ws.l(fmul.o)
    0x08003ca6   0x08003ca6   0x0000008c   Code   RO          457    x$fpl$fnaninf       fz_ws.l(fnaninf.o)
    0x08003d32   0x08003d32   0x0000000a   Code   RO          459    x$fpl$fretinf       fz_ws.l(fretinf.o)
    0x08003d3c   0x08003d3c   0x00000000   Code   RO          461    x$fpl$usenofp       fz_ws.l(usenofp.o)
    0x08003d3c   0x08003d3c   0x000000f6   Data   RO          163    .constdata          algorithm.o
    0x08003e32   0x08003e32   0x00000a18   Data   RO          190    .constdata          oled_i2c.o
    0x0800484a   0x0800484a   0x00000028   Data   RO          376    .constdata          c_w.l(_printf_hex_int.o)
    0x08004872   0x08004872   0x00000011   Data   RO          406    .constdata          c_w.l(__printf_flags_wp.o)
    0x08004883   0x08004883   0x00000001   PAD
    0x08004884   0x08004884   0x00000020   Data   RO          616    Region$$Table       anon$$obj.o


    Execution Region RW_IRAM1 (Exec base: 0x20000000, Load base: 0x080048a4, Size: 0x00002f80, Max: 0x00005000, ABSOLUTE)

    Exec Addr    Load Addr    Size         Type   Attr      Idx    E Section Name        Object

    0x20000000   0x080048a4   0x00000012   Data   RW            3    .data               main.o
    0x20000012   0x080048b6   0x00000002   PAD
    0x20000014   0x080048b8   0x00000014   Data   RW          120    .data               system_stm32f10x.o
    0x20000028   0x080048cc   0x00000008   Data   RW          208    .data               bc95.o
    0x20000030   0x080048d4   0x00000004   Data   RW          224    .data               delay.o
    0x20000034   0x080048d8   0x00000007   Data   RW          251    .data               usart.o
    0x2000003b   0x080048df   0x00000014   Data   RW          303    .data               stm32f10x_rcc.o
    0x2000004f   0x080048f3   0x00000001   PAD
    0x20000050        -       0x00000fa0   Zero   RW            2    .bss                main.o
    0x20000ff0        -       0x00001760   Zero   RW          162    .bss                algorithm.o
    0x20002750        -       0x000000a4   Zero   RW          207    .bss                bc95.o
    0x200027f4        -       0x0000012c   Zero   RW          250    .bss                usart.o
    0x20002920        -       0x00000060   Zero   RW          494    .bss                c_w.l(libspace.o)
    0x20002980        -       0x00000200   Zero   RW          284    HEAP                startup_stm32f10x_md.o
    0x20002b80        -       0x00000400   Zero   RW          283    STACK               startup_stm32f10x_md.o


==============================================================================

Image component sizes


      Code (inc. data)   RO Data    RW Data    ZI Data      Debug   Object Name

      1700         30        246          0       5984       5627   algorithm.o
      1952        572          0          8        164       2798   bc95.o
         0          0          0          0          0         32   core_cm3.o
       212         18          0          4          0       1011   delay.o
        52          6          0          0          0        471   led.o
      1044        106          0         18       4000     241666   main.o
       760          4          0          0          0       3494   max30102.o
       220         22          0          0          0       1773   misc.o
       900         14          0          0          0       3554   myiic.o
      1064         32       2584          0          0       4100   oled_i2c.o
        64         26        236          0       1536        788   startup_stm32f10x_md.o
       860         38          0          0          0       5705   stm32f10x_gpio.o
      1028         16          0          0          0       9199   stm32f10x_i2c.o
        26          0          0          0          0       1166   stm32f10x_it.o
       932         36          0         20          0       8872   stm32f10x_rcc.o
      1032         22          0          0          0       8432   stm32f10x_usart.o
        12          0          0          0          0        437   sys.o
       480         38          0         20          0       1695   system_stm32f10x.o
       652         30          0          7        300       4432   usart.o

    ----------------------------------------------------------------------
     12992       1010       3098         80      11984     305252   Object Totals
         0          0         32          0          0          0   (incl. Generated)
         2          0          0          3          0          0   (incl. Padding)

    ----------------------------------------------------------------------

      Code (inc. data)   RO Data    RW Data    ZI Data      Debug   Library Member Name

         8          0          0          0          0         68   __main.o
       312          4         17          0          0         92   __printf_flags_wp.o
        14          0          0          0          0         68   __printf_wp.o
         0          0          0          0          0          0   __rtentry.o
        12          0          0          0          0          0   __rtentry2.o
         6          0          0          0          0          0   __rtentry4.o
        52          8          0          0          0          0   __scatter.o
        26          0          0          0          0          0   __scatter_copy.o
        28          0          0          0          0          0   __scatter_zi.o
        44          0          0          0          0        108   _printf_char.o
        48          6          0          0          0         96   _printf_char_common.o
        36          4          0          0          0         80   _printf_char_file.o
         6          0          0          0          0          0   _printf_d.o
       120         16          0          0          0         92   _printf_dec.o
        88          4         40          0          0         88   _printf_hex_int.o
       178          0          0          0          0         88   _printf_intcommon.o
        78          0          0          0          0        108   _printf_pad.o
         0          0          0          0          0          0   _printf_percent.o
         4          0          0          0          0          0   _printf_percent_end.o
         6          0          0          0          0          0   _printf_s.o
        82          0          0          0          0         80   _printf_str.o
         6          0          0          0          0          0   _printf_x.o
        10          0          0          0          0         68   _sputc.o
        18          0          0          0          0         80   exit.o
         8          0          0          0          0         68   ferror.o
         6          0          0          0          0        152   heapauxi.o
         2          0          0          0          0          0   libinit.o
         2          0          0          0          0          0   libinit2.o
         2          0          0          0          0          0   libshutdown.o
         2          0          0          0          0          0   libshutdown2.o
         8          4          0          0         96         68   libspace.o
        24          4          0          0          0         84   noretval__2printf.o
        40          6          0          0          0         84   noretval__2sprintf.o
        68          0          0          0          0         68   rt_memclr.o
        78          0          0          0          0         80   rt_memclr_w.o
         2          0          0          0          0          0   rtexit.o
        10          0          0          0          0          0   rtexit2.o
        36          0          0          0          0         80   strstr.o
        74          0          0          0          0         80   sys_stackheap_outer.o
         2          0          0          0          0         68   use_no_semi.o
         2          0          0          0          0         68   use_no_semi_2.o
       388         76          0          0          0         96   fdiv.o
        54          4          0          0          0         84   ffix.o
        38          0          0          0          0         68   fflt_clz.o
       258          4          0          0          0         84   fmul.o
       140          4          0          0          0         84   fnaninf.o
        10          0          0          0          0         68   fretinf.o
         0          0          0          0          0          0   usenofp.o

    ----------------------------------------------------------------------
      2448        144         58          0         96       2500   Library Totals
        12          0          1          0          0          0   (incl. Padding)

    ----------------------------------------------------------------------

      Code (inc. data)   RO Data    RW Data    ZI Data      Debug   Library Name

      1548         56         57          0         96       2016   c_w.l
       888         88          0          0          0        484   fz_ws.l

    ----------------------------------------------------------------------
      2448        144         58          0         96       2500   Library Totals

    ----------------------------------------------------------------------

==============================================================================


      Code (inc. data)   RO Data    RW Data    ZI Data      Debug   

     15440       1154       3156         80      12080     305148   Grand Totals
     15440       1154       3156         80      12080     305148   ELF Image Totals
     15440       1154       3156         80          0          0   ROM Totals

==============================================================================

    Total RO  Size (Code + RO Data)                18596 (  18.16kB)
    Total RW  Size (RW Data + ZI Data)             12160 (  11.88kB)
    Total ROM Size (Code + RO Data + RW Data)      18676 (  18.24kB)

==============================================================================

